Component: ARM Compiler 5.06 update 4 (build 422) Tool: armlink [4d35d2]

==============================================================================

Section Cross References

    startup_stm32f103xg.o(RESET) refers to startup_stm32f103xg.o(STACK) for __initial_sp
    startup_stm32f103xg.o(RESET) refers to startup_stm32f103xg.o(.text) for Reset_Handler
    startup_stm32f103xg.o(RESET) refers to stm32f1xx_it.o(i.NMI_Handler) for NMI_Handler
    startup_stm32f103xg.o(RESET) refers to stm32f1xx_it.o(i.HardFault_Handler) for HardFault_Handler
    startup_stm32f103xg.o(RESET) refers to stm32f1xx_it.o(i.MemManage_Handler) for MemManage_Handler
    startup_stm32f103xg.o(RESET) refers to stm32f1xx_it.o(i.BusFault_Handler) for BusFault_Handler
    startup_stm32f103xg.o(RESET) refers to stm32f1xx_it.o(i.UsageFault_Handler) for UsageFault_Handler
    startup_stm32f103xg.o(RESET) refers to stm32f1xx_it.o(i.SVC_Handler) for SVC_Handler
    startup_stm32f103xg.o(RESET) refers to stm32f1xx_it.o(i.DebugMon_Handler) for DebugMon_Handler
    startup_stm32f103xg.o(RESET) refers to stm32f1xx_it.o(i.PendSV_Handler) for PendSV_Handler
    startup_stm32f103xg.o(RESET) refers to stm32f1xx_it.o(i.SysTick_Handler) for SysTick_Handler
    startup_stm32f103xg.o(RESET) refers to stm32f1xx_it.o(i.TIM3_IRQHandler) for TIM3_IRQHandler
    startup_stm32f103xg.o(RESET) refers to stm32f1xx_it.o(i.USART1_IRQHandler) for USART1_IRQHandler
    startup_stm32f103xg.o(.text) refers to system_stm32f1xx.o(i.SystemInit) for SystemInit
    startup_stm32f103xg.o(.text) refers to entry.o(.ARM.Collect$$$$00000000) for __main
    main.o(i.MX_GPIO_Init) refers to stm32f1xx_hal_gpio.o(i.HAL_GPIO_Init) for HAL_GPIO_Init
    main.o(i.MX_TIM3_Init) refers to memseta.o(.text) for __aeabi_memclr4
    main.o(i.MX_TIM3_Init) refers to stm32f1xx_hal_tim.o(i.HAL_TIM_Base_Init) for HAL_TIM_Base_Init
    main.o(i.MX_TIM3_Init) refers to main.o(i.Error_Handler) for Error_Handler
    main.o(i.MX_TIM3_Init) refers to stm32f1xx_hal_tim.o(i.HAL_TIM_ConfigClockSource) for HAL_TIM_ConfigClockSource
    main.o(i.MX_TIM3_Init) refers to stm32f1xx_hal_tim.o(i.HAL_TIM_PWM_Init) for HAL_TIM_PWM_Init
    main.o(i.MX_TIM3_Init) refers to stm32f1xx_hal_tim_ex.o(i.HAL_TIMEx_MasterConfigSynchronization) for HAL_TIMEx_MasterConfigSynchronization
    main.o(i.MX_TIM3_Init) refers to stm32f1xx_hal_tim.o(i.HAL_TIM_PWM_ConfigChannel) for HAL_TIM_PWM_ConfigChannel
    main.o(i.MX_TIM3_Init) refers to stm32f1xx_hal_msp.o(i.HAL_TIM_MspPostInit) for HAL_TIM_MspPostInit
    main.o(i.MX_TIM3_Init) refers to main.o(.bss) for htim3
    main.o(i.MX_USART1_UART_Init) refers to stm32f1xx_hal_uart.o(i.HAL_UART_Init) for HAL_UART_Init
    main.o(i.MX_USART1_UART_Init) refers to main.o(i.Error_Handler) for Error_Handler
    main.o(i.MX_USART1_UART_Init) refers to main.o(.bss) for huart1
    main.o(i.SystemClock_Config) refers to memseta.o(.text) for __aeabi_memclr4
    main.o(i.SystemClock_Config) refers to stm32f1xx_hal_rcc.o(i.HAL_RCC_OscConfig) for HAL_RCC_OscConfig
    main.o(i.SystemClock_Config) refers to main.o(i.Error_Handler) for Error_Handler
    main.o(i.SystemClock_Config) refers to stm32f1xx_hal_rcc.o(i.HAL_RCC_ClockConfig) for HAL_RCC_ClockConfig
    main.o(i.main) refers to stm32f1xx_hal.o(i.HAL_Init) for HAL_Init
    main.o(i.main) refers to main.o(i.SystemClock_Config) for SystemClock_Config
    main.o(i.main) refers to main.o(i.MX_GPIO_Init) for MX_GPIO_Init
    main.o(i.main) refers to main.o(i.MX_TIM3_Init) for MX_TIM3_Init
    main.o(i.main) refers to main.o(i.MX_USART1_UART_Init) for MX_USART1_UART_Init
    main.o(i.main) refers to stm32f1xx_hal_tim.o(i.HAL_TIM_Base_Start_IT) for HAL_TIM_Base_Start_IT
    main.o(i.main) refers to stm32f1xx_hal_gpio.o(i.HAL_GPIO_ReadPin) for HAL_GPIO_ReadPin
    main.o(i.main) refers to stm32f1xx_hal_tim.o(i.HAL_TIM_PWM_Start) for HAL_TIM_PWM_Start
    main.o(i.main) refers to stm32f1xx_hal_tim.o(i.HAL_TIM_PWM_Stop) for HAL_TIM_PWM_Stop
    main.o(i.main) refers to main.o(.bss) for htim3
    main.o(i.main) refers to main.o(.data) for hx711_ready
    main.o(i.main) refers to fflti.o(.text) for __aeabi_i2f
    main.o(i.main) refers to arm_cfft_f32.o(.text.arm_cfft_f32) for arm_cfft_f32
    main.o(i.main) refers to arm_cmplx_mag_f32.o(.text.arm_cmplx_mag_f32) for arm_cmplx_mag_f32
    main.o(i.main) refers to fdiv.o(.text) for __aeabi_fdiv
    main.o(i.main) refers to arm_const_structs.o(.rodata.arm_cfft_sR_f32_len128) for arm_cfft_sR_f32_len128
    main.o(i.main) refers to arm_max_f32.o(.text.arm_max_f32) for arm_max_f32
    main.o(i.main) refers to arm_min_f32.o(.text.arm_min_f32) for arm_min_f32
    main.o(i.main) refers to fadd.o(.text) for __aeabi_fsub
    main.o(i.main) refers to dnn_compute.o(i.dnn_compute) for dnn_compute
    main.o(i.main) refers to f2d.o(.text) for __aeabi_f2d
    main.o(i.main) refers to printfa.o(i.__0sprintf) for __2sprintf
    main.o(i.main) refers to stm32f1xx_hal_uart.o(i.HAL_UART_Transmit) for HAL_UART_Transmit
[...]
    ../Drivers/STM32F1xx_HAL_Driver/Src/stm32f1xx_hal_gpio.c 0x00000000   Number         0  stm32f1xx_hal_gpio.o ABSOLUTE
    ../Drivers/STM32F1xx_HAL_Driver/Src/stm32f1xx_hal_gpio_ex.c 0x00000000   Number         0  stm32f1xx_hal_gpio_ex.o ABSOLUTE
    ../Drivers/STM32F1xx_HAL_Driver/Src/stm32f1xx_hal_pwr.c 0x00000000   Number         0  stm32f1xx_hal_pwr.o ABSOLUTE
    ../Drivers/STM32F1xx_HAL_Driver/Src/stm32f1xx_hal_rcc.c 0x00000000   Number         0  stm32f1xx_hal_rcc.o ABSOLUTE
    ../Drivers/STM32F1xx_HAL_Driver/Src/stm32f1xx_hal_rcc_ex.c 0x00000000   Number         0  stm32f1xx_hal_rcc_ex.o ABSOLUTE
    ../Drivers/STM32F1xx_HAL_Driver/Src/stm32f1xx_hal_tim.c 0x00000000   Number         0  stm32f1xx_hal_tim.o ABSOLUTE
    ../Drivers/STM32F1xx_HAL_Driver/Src/stm32f1xx_hal_tim_ex.c 0x00000000   Number         0  stm32f1xx_hal_tim_ex.o ABSOLUTE
    ../Drivers/STM32F1xx_HAL_Driver/Src/stm32f1xx_hal_uart.c 0x00000000   Number         0  stm32f1xx_hal_uart.o ABSOLUTE
    ../clib/microlib/division.c              0x00000000   Number         0  uidiv.o ABSOLUTE
    ../clib/microlib/division.c              0x00000000   Number         0  uldiv.o ABSOLUTE
    ../clib/microlib/errno.c                 0x00000000   Number         0  errno.o ABSOLUTE
    ../clib/microlib/init/entry.s            0x00000000   Number         0  entry8a.o ABSOLUTE
    ../clib/microlib/init/entry.s            0x00000000   Number         0  entry7b.o ABSOLUTE
    ../clib/microlib/init/entry.s            0x00000000   Number         0  entry7a.o ABSOLUTE
    ../clib/microlib/init/entry.s            0x00000000   Number         0  entry5.o ABSOLUTE
    ../clib/microlib/init/entry.s            0x00000000   Number         0  entry2.o ABSOLUTE
    ../clib/microlib/init/entry.s            0x00000000   Number         0  entry11b.o ABSOLUTE
    ../clib/microlib/init/entry.s            0x00000000   Number         0  entry.o ABSOLUTE
    ../clib/microlib/init/entry.s            0x00000000   Number         0  entry11a.o ABSOLUTE
    ../clib/microlib/init/entry.s            0x00000000   Number         0  entry10b.o ABSOLUTE
    ../clib/microlib/init/entry.s            0x00000000   Number         0  entry10a.o ABSOLUTE
    ../clib/microlib/init/entry.s            0x00000000   Number         0  entry9b.o ABSOLUTE
    ../clib/microlib/init/entry.s            0x00000000   Number         0  entry9a.o ABSOLUTE
    ../clib/microlib/init/entry.s            0x00000000   Number         0  entry8b.o ABSOLUTE
    ../clib/microlib/longlong.c              0x00000000   Number         0  llshl.o ABSOLUTE
    ../clib/microlib/longlong.c              0x00000000   Number         0  llsshr.o ABSOLUTE
    ../clib/microlib/longlong.c              0x00000000   Number         0  llushr.o ABSOLUTE
    ../clib/microlib/printf/printf.c         0x00000000   Number         0  printf5.o ABSOLUTE
    ../clib/microlib/printf/printf.c         0x00000000   Number         0  printf0.o ABSOLUTE
    ../clib/microlib/printf/printf.c         0x00000000   Number         0  printfb.o ABSOLUTE
    ../clib/microlib/printf/printf.c         0x00000000   Number         0  printf1.o ABSOLUTE
    ../clib/microlib/printf/printf.c         0x00000000   Number         0  printf2.o ABSOLUTE
    ../clib/microlib/printf/printf.c         0x00000000   Number         0  printf4.o ABSOLUTE
    ../clib/microlib/printf/printf.c         0x00000000   Number         0  printf6.o ABSOLUTE
    ../clib/microlib/printf/printf.c         0x00000000   Number         0  printf3.o ABSOLUTE
    ../clib/microlib/printf/printf.c         0x00000000   Number         0  printf7.o ABSOLUTE
    ../clib/microlib/printf/printf.c         0x00000000   Number         0  printf8.o ABSOLUTE
    ../clib/microlib/printf/printf.c         0x00000000   Number         0  printfa.o ABSOLUTE
    ../clib/microlib/printf/stubs.s          0x00000000   Number         0  stubs.o ABSOLUTE
    ../clib/microlib/stdio/fputc.c           0x00000000   Number         0  fputc.o ABSOLUTE
    ../clib/microlib/stdio/semi.s            0x00000000   Number         0  semi.o ABSOLUTE
    ../clib/microlib/stdio/streams.c         0x00000000   Number         0  stdout.o ABSOLUTE
    ../clib/microlib/string/memcpy.c         0x00000000   Number         0  memcpya.o ABSOLUTE
    ../clib/microlib/string/memcpy.c         0x00000000   Number         0  memcpyb.o ABSOLUTE
    ../clib/microlib/string/memset.c         0x00000000   Number         0  memseta.o ABSOLUTE
    ../clib/microlib/stubs.s                 0x00000000   Number         0  iusesemip.o ABSOLUTE
    ../clib/microlib/stubs.s                 0x00000000   Number         0  iusefp.o ABSOLUTE
    ../fplib/microlib/d2f.c                  0x00000000   Number         0  d2f.o ABSOLUTE
    ../fplib/microlib/f2d.c                  0x00000000   Number         0  f2d.o ABSOLUTE
    ../fplib/microlib/fpadd.c                0x00000000   Number         0  fadd.o ABSOLUTE
    ../fplib/microlib/fpadd.c                0x00000000   Number         0  dadd.o ABSOLUTE
    ../fplib/microlib/fpcmp.c                0x00000000   Number         0  fcmplt.o ABSOLUTE
    ../fplib/microlib/fpcmp.c                0x00000000   Number         0  fcmpgt.o ABSOLUTE
    ../fplib/microlib/fpdiv.c                0x00000000   Number         0  fdiv.o ABSOLUTE
    ../fplib/microlib/fpdiv.c                0x00000000   Number         0  ddiv.o ABSOLUTE
    ../fplib/microlib/fpepilogue.c           0x00000000   Number         0  depilogue.o ABSOLUTE
    ../fplib/microlib/fpepilogue.c           0x00000000   Number         0  fepilogue.o ABSOLUTE
    ../fplib/microlib/fpfix.c                0x00000000   Number         0  dfixi.o ABSOLUTE
    ../fplib/microlib/fpfix.c                0x00000000   Number         0  dfixul.o ABSOLUTE
    ../fplib/microlib/fpfix.c                0x00000000   Number         0  ffixi.o ABSOLUTE
    ../fplib/microlib/fpflt.c                0x00000000   Number         0  dflti.o ABSOLUTE
    ../fplib/microlib/fpflt.c                0x00000000   Number         0  fflti.o ABSOLUTE
    ../fplib/microlib/fpflt.c                0x00000000   Number         0  ffltui.o ABSOLUTE
    ../fplib/microlib/fpmul.c                0x00000000   Number         0  dmul.o ABSOLUTE
    ../fplib/microlib/fpmul.c                0x00000000   Number         0  fmul.o ABSOLUTE
    ../fplib/microlib/fpscalb.c              0x00000000   Number         0  dscalb.o ABSOLUTE
    ../fplib/microlib/fpsqrt.c               0x00000000   Number         0  fsqrt.o ABSOLUTE
    ../fplib/microlib/fpsqrt.c               0x00000000   Number         0  dsqrt.o ABSOLUTE
    ../mathlib/dunder.c                      0x00000000   Number         0  dunder.o ABSOLUTE
    ../mathlib/exp.c                         0x00000000   Number         0  exp.o ABSOLUTE
    ../mathlib/exp.c                         0x00000000   Number         0  exp_x.o ABSOLUTE
    ../mathlib/fpclassify.c                  0x00000000   Number         0  fpclassify.o ABSOLUTE
    ../mathlib/poly.c                        0x00000000   Number         0  poly.o ABSOLUTE
    ../mathlib/qnan.c                        0x00000000   Number         0  qnan.o ABSOLUTE
    ../mathlib/sqrt.c                        0x00000000   Number         0  sqrt.o ABSOLUTE
    ../mathlib/sqrt.c                        0x00000000   Number         0  sqrt_x.o ABSOLUTE
    ../mathlib/sqrtf.c                       0x00000000   Number         0  sqrtf_x.o ABSOLUTE
    ../mathlib/sqrtf.c                       0x00000000   Number         0  sqrtf.o ABSOLUTE
    ..\Core\Src\main.c                       0x00000000   Number         0  main.o ABSOLUTE
    ..\Core\Src\stm32f1xx_hal_msp.c          0x00000000   Number         0  stm32f1xx_hal_msp.o ABSOLUTE
    ..\Core\Src\stm32f1xx_it.c               0x00000000   Number         0  stm32f1xx_it.o ABSOLUTE
    ..\Core\Src\system_stm32f1xx.c           0x00000000   Number         0  system_stm32f1xx.o ABSOLUTE
    ..\Drivers\STM32F1xx_HAL_Driver\Src\stm32f1xx_hal.c 0x00000000   Number         0  stm32f1xx_hal.o ABSOLUTE
    ..\Drivers\STM32F1xx_HAL_Driver\Src\stm32f1xx_hal_cortex.c 0x00000000   Number         0  stm32f1xx_hal_cortex.o ABSOLUTE
    ..\Drivers\STM32F1xx_HAL_Driver\Src\stm32f1xx_hal_dma.c 0x00000000   Number         0  stm32f1xx_hal_dma.o ABSOLUTE
    ..\Drivers\STM32F1xx_HAL_Driver\Src\stm32f1xx_hal_exti.c 0x00000000   Number         0  stm32f1xx_hal_exti.o ABSOLUTE
    ..\Drivers\STM32F1xx_HAL_Driver\Src\stm32f1xx_hal_flash.c 0x00000000   Number         0  stm32f1xx_hal_flash.o ABSOLUTE
    ..\Drivers\STM32F1xx_HAL_Driver\Src\stm32f1xx_hal_flash_ex.c 0x00000000   Number         0  stm32f1xx_hal_flash_ex.o ABSOLUTE
    ..\Drivers\STM32F1xx_HAL_Driver\Src\stm32f1xx_hal_gpio.c 0x00000000   Number         0  stm32f1xx_hal_gpio.o ABSOLUTE
    ..\Drivers\STM32F1xx_HAL_Driver\Src\stm32f1xx_hal_gpio_ex.c 0x00000000   Number         0  stm32f1xx_hal_gpio_ex.o ABSOLUTE
    ..\Drivers\STM32F1xx_HAL_Driver\Src\stm32f1xx_hal_pwr.c 0x00000000   Number         0  stm32f1xx_hal_pwr.o ABSOLUTE
    ..\Drivers\STM32F1xx_HAL_Driver\Src\stm32f1xx_hal_rcc.c 0x00000000   Number         0  stm32f1xx_hal_rcc.o ABSOLUTE
    ..\Drivers\STM32F1xx_HAL_Driver\Src\stm32f1xx_hal_rcc_ex.c 0x00000000   Number         0  stm32f1xx_hal_rcc_ex.o ABSOLUTE
    ..\Drivers\STM32F1xx_HAL_Driver\Src\stm32f1xx_hal_tim.c 0x00000000   Number         0  stm32f1xx_hal_tim.o ABSOLUTE
    ..\Drivers\STM32F1xx_HAL_Driver\Src\stm32f1xx_hal_tim_ex.c 0x00000000   Number         0  stm32f1xx_hal_tim_ex.o ABSOLUTE
    ..\Drivers\STM32F1xx_HAL_Driver\Src\stm32f1xx_hal_uart.c 0x00000000   Number         0  stm32f1xx_hal_uart.o ABSOLUTE
    ..\Translator\dnn_compute.c              0x00000000   Number         0  dnn_compute.o ABSOLUTE
    ..\Translator\network.c                  0x00000000   Number         0  network.o ABSOLUTE
    arm_bitreversal2.c                       0x00000000   Number         0  arm_bitreversal2.o ABSOLUTE
    arm_cfft_f32.c                           0x00000000   Number         0  arm_cfft_f32.o ABSOLUTE
    arm_cfft_radix8_f32.c                    0x00000000   Number         0  arm_cfft_radix8_f32.o ABSOLUTE
    arm_cmplx_mag_f32.c                      0x00000000   Number         0  arm_cmplx_mag_f32.o ABSOLUTE
    arm_common_tables.c                      0x00000000   Number         0  arm_common_tables.o ABSOLUTE
    arm_const_structs.c                      0x00000000   Number         0  arm_const_structs.o ABSOLUTE
    arm_max_f32.c                            0x00000000   Number         0  arm_max_f32.o ABSOLUTE
    arm_min_f32.c                            0x00000000   Number         0  arm_min_f32.o ABSOLUTE
    cdcmple.s                                0x00000000   Number         0  cdcmple.o ABSOLUTE
    cdrcmple.s                               0x00000000   Number         0  cdrcmple.o ABSOLUTE
    cfcmple.s                                0x00000000   Number         0  cfcmple.o ABSOLUTE
    cfrcmple.s                               0x00000000   Number         0  cfrcmple.o ABSOLUTE
    dc.s                                     0x00000000   Number         0  dc.o ABSOLUTE
    handlers.s                               0x00000000   Number         0  handlers.o ABSOLUTE
    init.s                                   0x00000000   Number         0  init.o ABSOLUTE
    startup_stm32f103xg.s                    0x00000000   Number         0  startup_stm32f103xg.o ABSOLUTE
    RESET                                    0x08000000   Section      304  startup_stm32f103xg.o(RESET)
    .ARM.Collect$$$$00000000                 0x08000130   Section        0  entry.o(.ARM.Collect$$$$00000000)
    .ARM.Collect$$$$00000001                 0x08000130   Section        4  entry2.o(.ARM.Collect$$$$00000001)
    .ARM.Collect$$$$00000004                 0x08000134   Section        4  entry5.o(.ARM.Collect$$$$00000004)
    .ARM.Collect$$$$00000008                 0x08000138   Section        0  entry7b.o(.ARM.Collect$$$$00000008)
    .ARM.Collect$$$$0000000A                 0x08000138   Section        0  entry8b.o(.ARM.Collect$$$$0000000A)
    .ARM.Collect$$$$0000000B                 0x08000138   Section        8  entry9a.o(.ARM.Collect$$$$0000000B)
    .ARM.Collect$$$$0000000D                 0x08000140   Section        0  entry10a.o(.ARM.Collect$$$$0000000D)
    .ARM.Collect$$$$0000000F                 0x08000140   Section        0  entry11a.o(.ARM.Collect$$$$0000000F)
    .ARM.Collect$$$$00002712                 0x08000140   Section        4  entry2.o(.ARM.Collect$$$$00002712)
    __lit__00000000                          0x08000140   Data           4  entry2.o(.ARM.Collect$$$$00002712)
    .text                                    0x08000144   Section       36  startup_stm32f103xg.o(.text)
    .text                                    0x08000168   Section        0  llushr.o(.text)
    .text                                    0x08000188   Section        0  memcpya.o(.text)
    .text                                    0x080001ac   Section        0  memseta.o(.text)
    .text                                    0x080001d0   Section        0  fadd.o(.text)
    .text                                    0x08000280   Section        0  fmul.o(.text)
    .text                                    0x080002e4   Section        0  fdiv.o(.text)
    .text                                    0x08000360   Section        0  dadd.o(.text)
    .text                                    0x080004ae   Section        0  ddiv.o(.text)
    .text                                    0x0800058c   Section        0  fcmplt.o(.text)
    .text                                    0x080005a8   Section        0  fcmpgt.o(.text)
    .text                                    0x080005c4   Section        0  fflti.o(.text)
    .text                                    0x080005d6   Section        0  ffltui.o(.text)
    .text                                    0x080005e0   Section        0  ffixi.o(.text)
    .text                                    0x08000612   Section        0  f2d.o(.text)
    .text                                    0x08000638   Section        0  d2f.o(.text)
    .text                                    0x08000670   Section       20  cfcmple.o(.text)
    .text                                    0x08000684   Section       20  cfrcmple.o(.text)
    .text                                    0x08000698   Section        0  uidiv.o(.text)
    .text                                    0x080006c4   Section        0  uldiv.o(.text)
    .text                                    0x08000726   Section        0  llshl.o(.text)
    .text                                    0x08000744   Section        0  llsshr.o(.text)
    .text                                    0x08000768   Section        0  iusefp.o(.text)
    .text                                    0x08000768   Section        0  fepilogue.o(.text)
    .text                                    0x080007d6   Section        0  fsqrt.o(.text)
    .text                                    0x08000834   Section        0  depilogue.o(.text)
    .text                                    0x080008ee   Section        0  dmul.o(.text)
    .text                                    0x080009d2   Section        0  dscalb.o(.text)
    .text                                    0x08000a00   Section        0  dsqrt.o(.text)
    .text                                    0x08000aa2   Section        0  dflti.o(.text)
    .text                                    0x08000ac4   Section        0  dfixi.o(.text)
    .text                                    0x08000b02   Section        0  dfixul.o(.text)
    .text                                    0x08000b34   Section       48  cdcmple.o(.text)
    .text                                    0x08000b64   Section       48  cdrcmple.o(.text)
    .text                                    0x08000b94   Section       36  init.o(.text)
    [Anonymous Symbol]                       0x08000bb8   Section        0  arm_bitreversal2.o(.text.arm_bitreversal_32)
    [Anonymous Symbol]                       0x08000bf8   Section        0  arm_cfft_f32.o(.text.arm_cfft_f32)
    [Anonymous Symbol]                       0x08000cf8   Section        0  arm_cfft_f32.o(.text.arm_cfft_radix8by2_f32)
    [Anonymous Symbol]                       0x08000f7c   Section        0  arm_cfft_f32.o(.text.arm_cfft_radix8by4_f32)
    [Anonymous Symbol]                       0x08001618   Section        0  arm_cmplx_mag_f32.o(.text.arm_cmplx_mag_f32)
    [Anonymous Symbol]                       0x08001700   Section        0  arm_max_f32.o(.text.arm_max_f32)
    [Anonymous Symbol]                       0x08001820   Section        0  arm_min_f32.o(.text.arm_min_f32)
    [Anonymous Symbol]                       0x08001940   Section        0  arm_cfft_radix8_f32.o(.text.arm_radix8_butterfly_f32)
    i.BusFault_Handler                       0x080021c6   Section        0  stm32f1xx_it.o(i.BusFault_Handler)
    i.DebugMon_Handler                       0x080021ca   Section        0  stm32f1xx_it.o(i.DebugMon_Handler)
    i.Error_Handler                          0x080021cc   Section        0  main.o(i.Error_Handler)
    i.HAL_DMA_Abort                          0x080021d2   Section        0  stm32f1xx_hal_dma.o(i.HAL_DMA_Abort)
    i.HAL_DMA_Abort_IT                       0x08002228   Section        0  stm32f1xx_hal_dma.o(i.HAL_DMA_Abort_IT)
    i.HAL_GPIO_Init                          0x080023d0   Section        0  stm32f1xx_hal_gpio.o(i.HAL_GPIO_Init)
    i.HAL_GPIO_ReadPin                       0x08002710   Section        0  stm32f1xx_hal_gpio.o(i.HAL_GPIO_ReadPin)
    i.HAL_GetTick                            0x08002720   Section        0  stm32f1xx_hal.o(i.HAL_GetTick)
    i.HAL_IncTick                            0x0800272c   Section        0  stm32f1xx_hal.o(i.HAL_IncTick)
    i.HAL_Init                               0x08002744   Section        0  stm32f1xx_hal.o(i.HAL_Init)
    i.HAL_InitTick                           0x0800276c   Section        0  stm32f1xx_hal.o(i.HAL_InitTick)
    i.HAL_MspInit                            0x080027b8   Section        0  stm32f1xx_hal_msp.o(i.HAL_MspInit)
    i.HAL_NVIC_EnableIRQ                     0x0800280c   Section        0  stm32f1xx_hal_cortex.o(i.HAL_NVIC_EnableIRQ)
    i.HAL_NVIC_SetPriority                   0x0800282c   Section        0  stm32f1xx_hal_cortex.o(i.HAL_NVIC_SetPriority)
    i.HAL_NVIC_SetPriorityGrouping           0x080028a8   Section        0  stm32f1xx_hal_cortex.o(i.HAL_NVIC_SetPriorityGrouping)
    i.HAL_RCC_ClockConfig                    0x080028d0   Section        0  stm32f1xx_hal_rcc.o(i.HAL_RCC_ClockConfig)
    i.HAL_RCC_GetHCLKFreq                    0x08002a5c   Section        0  stm32f1xx_hal_rcc.o(i.HAL_RCC_GetHCLKFreq)
    i.HAL_RCC_GetPCLK1Freq                   0x08002a68   Section        0  stm32f1xx_hal_rcc.o(i.HAL_RCC_GetPCLK1Freq)
    i.HAL_RCC_GetPCLK2Freq                   0x08002a88   Section        0  stm32f1xx_hal_rcc.o(i.HAL_RCC_GetPCLK2Freq)
    i.HAL_RCC_GetSysClockFreq                0x08002aa8   Section        0  stm32f1xx_hal_rcc.o(i.HAL_RCC_GetSysClockFreq)
    i.HAL_RCC_OscConfig                      0x08002b3c   Section        0  stm32f1xx_hal_rcc.o(i.HAL_RCC_OscConfig)
    i.HAL_SYSTICK_Config                     0x08002fa0   Section        0  stm32f1xx_hal_cortex.o(i.HAL_SYSTICK_Config)
    i.HAL_TIMEx_BreakCallback                0x08002fd4   Section        0  stm32f1xx_hal_tim_ex.o(i.HAL_TIMEx_BreakCallback)
    i.HAL_TIMEx_CommutCallback               0x08002fd6   Section        0  stm32f1xx_hal_tim_ex.o(i.HAL_TIMEx_CommutCallback)
    i.HAL_TIMEx_MasterConfigSynchronization  0x08002fd8   Section        0  stm32f1xx_hal_tim_ex.o(i.HAL_TIMEx_MasterConfigSynchronization)
    i.HAL_TIM_Base_Init                      0x0800308c   Section        0  stm32f1xx_hal_tim.o(i.HAL_TIM_Base_Init)
    i.HAL_TIM_Base_MspInit                   0x080030f4   Section        0  stm32f1xx_hal_msp.o(i.HAL_TIM_Base_MspInit)
    i.HAL_TIM_Base_Start_IT                  0x08003138   Section        0  stm32f1xx_hal_tim.o(i.HAL_TIM_Base_Start_IT)
    i.HAL_TIM_ConfigClockSource              0x080031e0   Section        0  stm32f1xx_hal_tim.o(i.HAL_TIM_ConfigClockSource)
    i.HAL_TIM_IC_CaptureCallback             0x080032e8   Section        0  stm32f1xx_hal_tim.o(i.HAL_TIM_IC_CaptureCallback)
    i.HAL_TIM_IRQHandler                     0x080032ea   Section        0  stm32f1xx_hal_tim.o(i.HAL_TIM_IRQHandler)
    i.HAL_TIM_MspPostInit                    0x08003480   Section        0  stm32f1xx_hal_msp.o(i.HAL_TIM_MspPostInit)
    i.HAL_TIM_OC_DelayElapsedCallback        0x080034d8   Section        0  stm32f1xx_hal_tim.o(i.HAL_TIM_OC_DelayElapsedCallback)
    i.HAL_TIM_PWM_ConfigChannel              0x080034da   Section        0  stm32f1xx_hal_tim.o(i.HAL_TIM_PWM_ConfigChannel)
    i.HAL_TIM_PWM_Init                       0x080035d6   Section        0  stm32f1xx_hal_tim.o(i.HAL_TIM_PWM_Init)
    i.HAL_TIM_PWM_MspInit                    0x0800363c   Section        0  stm32f1xx_hal_tim.o(i.HAL_TIM_PWM_MspInit)
    i.HAL_TIM_PWM_PulseFinishedCallback      0x0800363e   Section        0  stm32f1xx_hal_tim.o(i.HAL_TIM_PWM_PulseFinishedCallback)
    i.HAL_TIM_PWM_Start                      0x08003640   Section        0  stm32f1xx_hal_tim.o(i.HAL_TIM_PWM_Start)
    i.HAL_TIM_PWM_Stop                       0x0800374c   Section        0  stm32f1xx_hal_tim.o(i.HAL_TIM_PWM_Stop)
    i.HAL_TIM_PeriodElapsedCallback          0x080037f4   Section        0  stm32f1xx_hal_tim.o(i.HAL_TIM_PeriodElapsedCallback)
    i.HAL_TIM_TriggerCallback                0x080037f6   Section        0  stm32f1xx_hal_tim.o(i.HAL_TIM_TriggerCallback)
    i.HAL_UARTEx_RxEventCallback             0x080037f8   Section        0  stm32f1xx_hal_uart.o(i.HAL_UARTEx_RxEventCallback)
    i.HAL_UART_ErrorCallback                 0x080037fa   Section        0  stm32f1xx_hal_uart.o(i.HAL_UART_ErrorCallback)
    i.HAL_UART_IRQHandler                    0x080037fc   Section        0  stm32f1xx_hal_uart.o(i.HAL_UART_IRQHandler)
    i.HAL_UART_Init                          0x08003a48   Section        0  stm32f1xx_hal_uart.o(i.HAL_UART_Init)
    i.HAL_UART_MspInit                       0x08003abc   Section        0  stm32f1xx_hal_msp.o(i.HAL_UART_MspInit)
    i.HAL_UART_RxCpltCallback                0x08003b54   Section        0  stm32f1xx_hal_uart.o(i.HAL_UART_RxCpltCallback)
    i.HAL_UART_Transmit                      0x08003b56   Section        0  stm32f1xx_hal_uart.o(i.HAL_UART_Transmit)
    i.HAL_UART_TxCpltCallback                0x08003c28   Section        0  stm32f1xx_hal_uart.o(i.HAL_UART_TxCpltCallback)
    i.HardFault_Handler                      0x08003c2a   Section        0  stm32f1xx_it.o(i.HardFault_Handler)
    i.MX_GPIO_Init                           0x08003c30   Section        0  main.o(i.MX_GPIO_Init)
    MX_GPIO_Init                             0x08003c31   Thumb Code   116  main.o(i.MX_GPIO_Init)
    i.MX_TIM3_Init                           0x08003cac   Section        0  main.o(i.MX_TIM3_Init)
    MX_TIM3_Init                             0x08003cad   Thumb Code   156  main.o(i.MX_TIM3_Init)
    i.MX_USART1_UART_Init                    0x08003d50   Section        0  main.o(i.MX_USART1_UART_Init)
    MX_USART1_UART_Init                      0x08003d51   Thumb Code    46  main.o(i.MX_USART1_UART_Init)
    i.MemManage_Handler                      0x08003d88   Section        0  stm32f1xx_it.o(i.MemManage_Handler)
    i.NMI_Handler                            0x08003d8c   Section        0  stm32f1xx_it.o(i.NMI_Handler)
    i.PendSV_Handler                         0x08003d90   Section        0  stm32f1xx_it.o(i.PendSV_Handler)
    i.RCC_Delay                              0x08003d94   Section        0  stm32f1xx_hal_rcc.o(i.RCC_Delay)
    RCC_Delay                                0x08003d95   Thumb Code    36  stm32f1xx_hal_rcc.o(i.RCC_Delay)
    i.SVC_Handler                            0x08003dbc   Section        0  stm32f1xx_it.o(i.SVC_Handler)
    i.SysTick_Handler                        0x08003dbe   Section        0  stm32f1xx_it.o(i.SysTick_Handler)
    i.SystemClock_Config                     0x08003dc6   Section        0  main.o(i.SystemClock_Config)
    i.SystemInit                             0x08003e2c   Section        0  system_stm32f1xx.o(i.SystemInit)
    i.TIM3_IRQHandler                        0x08003e30   Section        0  stm32f1xx_it.o(i.TIM3_IRQHandler)
    i.TIM_Base_SetConfig                     0x08003e48   Section        0  stm32f1xx_hal_tim.o(i.TIM_Base_SetConfig)
    i.TIM_CCxChannelCmd                      0x08003f20   Section        0  stm32f1xx_hal_tim.o(i.TIM_CCxChannelCmd)
    i.TIM_ETR_SetConfig                      0x08003f42   Section        0  stm32f1xx_hal_tim.o(i.TIM_ETR_SetConfig)
    i.TIM_ITRx_SetConfig                     0x08003f58   Section        0  stm32f1xx_hal_tim.o(i.TIM_ITRx_SetConfig)
    TIM_ITRx_SetConfig                       0x08003f59   Thumb Code    18  stm32f1xx_hal_tim.o(i.TIM_ITRx_SetConfig)
    i.TIM_OC1_SetConfig                      0x08003f6c   Section        0  stm32f1xx_hal_tim.o(i.TIM_OC1_SetConfig)
    TIM_OC1_SetConfig                        0x08003f6d   Thumb Code   104  stm32f1xx_hal_tim.o(i.TIM_OC1_SetConfig)
    i.TIM_OC2_SetConfig                      0x08003fdc   Section        0  stm32f1xx_hal_tim.o(i.TIM_OC2_SetConfig)
    i.TIM_OC3_SetConfig                      0x08004058   Section        0  stm32f1xx_hal_tim.o(i.TIM_OC3_SetConfig)
    TIM_OC3_SetConfig                        0x08004059   Thumb Code   112  stm32f1xx_hal_tim.o(i.TIM_OC3_SetConfig)
    i.TIM_OC4_SetConfig                      0x080040d0   Section        0  stm32f1xx_hal_tim.o(i.TIM_OC4_SetConfig)
    TIM_OC4_SetConfig                        0x080040d1   Thumb Code    74  stm32f1xx_hal_tim.o(i.TIM_OC4_SetConfig)
    i.TIM_TI1_ConfigInputStage               0x08004124   Section        0  stm32f1xx_hal_tim.o(i.TIM_TI1_ConfigInputStage)
    TIM_TI1_ConfigInputStage                 0x08004125   Thumb Code    38  stm32f1xx_hal_tim.o(i.TIM_TI1_ConfigInputStage)
    i.TIM_TI2_ConfigInputStage               0x0800414a   Section        0  stm32f1xx_hal_tim.o(i.TIM_TI2_ConfigInputStage)
    TIM_TI2_ConfigInputStage                 0x0800414b   Thumb Code    40  stm32f1xx_hal_tim.o(i.TIM_TI2_ConfigInputStage)
    i.UART_DMAAbortOnError                   0x08004172   Section        0  stm32f1xx_hal_uart.o(i.UART_DMAAbortOnError)
    UART_DMAAbortOnError                     0x08004173   Thumb Code    20  stm32f1xx_hal_uart.o(i.UART_DMAAbortOnError)
    i.UART_EndRxTransfer                     0x08004186   Section        0  stm32f1xx_hal_uart.o(i.UART_EndRxTransfer)
    UART_EndRxTransfer                       0x08004187   Thumb Code    54  stm32f1xx_hal_uart.o(i.UART_EndRxTransfer)
    i.UART_EndTransmit_IT                    0x080041bc   Section        0  stm32f1xx_hal_uart.o(i.UART_EndTransmit_IT)
    UART_EndTransmit_IT                      0x080041bd   Thumb Code    32  stm32f1xx_hal_uart.o(i.UART_EndTransmit_IT)
    i.UART_Receive_IT                        0x080041dc   Section        0  stm32f1xx_hal_uart.o(i.UART_Receive_IT)
    UART_Receive_IT                          0x080041dd   Thumb Code   228  stm32f1xx_hal_uart.o(i.UART_Receive_IT)
    i.UART_SetConfig                         0x080042c0   Section        0  stm32f1xx_hal_uart.o(i.UART_SetConfig)
    UART_SetConfig                           0x080042c1   Thumb Code   248  stm32f1xx_hal_uart.o(i.UART_SetConfig)
    i.UART_Transmit_IT                       0x080043bc   Section        0  stm32f1xx_hal_uart.o(i.UART_Transmit_IT)
    UART_Transmit_IT                         0x080043bd   Thumb Code    96  stm32f1xx_hal_uart.o(i.UART_Transmit_IT)
    i.UART_WaitOnFlagUntilTimeout            0x0800441c   Section        0  stm32f1xx_hal_uart.o(i.UART_WaitOnFlagUntilTimeout)
    UART_WaitOnFlagUntilTimeout              0x0800441d   Thumb Code   108  stm32f1xx_hal_uart.o(i.UART_WaitOnFlagUntilTimeout)
    i.USART1_IRQHandler                      0x08004488   Section        0  stm32f1xx_it.o(i.USART1_IRQHandler)
    i.UsageFault_Handler                     0x08004498   Section        0  stm32f1xx_it.o(i.UsageFault_Handler)
    i.__0sprintf                             0x0800449c   Section        0  printfa.o(i.__0sprintf)
    i.__ARM_fpclassify                       0x080044c4   Section        0  fpclassify.o(i.__ARM_fpclassify)
    i.__NVIC_GetPriorityGrouping             0x080044ec   Section        0  stm32f1xx_hal_cortex.o(i.__NVIC_GetPriorityGrouping)
    __NVIC_GetPriorityGrouping               0x080044ed   Thumb Code    10  stm32f1xx_hal_cortex.o(i.__NVIC_GetPriorityGrouping)
    i.__NVIC_SetPriority                     0x080044fc   Section        0  stm32f1xx_hal_cortex.o(i.__NVIC_SetPriority)
    __NVIC_SetPriority                       0x080044fd   Thumb Code    32  stm32f1xx_hal_cortex.o(i.__NVIC_SetPriority)
    i.__kernel_poly                          0x08004524   Section        0  poly.o(i.__kernel_poly)
    i.__mathlib_dbl_infnan                   0x080045ce   Section        0  dunder.o(i.__mathlib_dbl_infnan)
    i.__mathlib_dbl_overflow                 0x080045d4   Section        0  dunder.o(i.__mathlib_dbl_overflow)
    i.__mathlib_dbl_underflow                0x080045e4   Section        0  dunder.o(i.__mathlib_dbl_underflow)
    i.__scatterload_copy                     0x080045f4   Section       14  handlers.o(i.__scatterload_copy)
    i.__scatterload_null                     0x08004602   Section        2  handlers.o(i.__scatterload_null)
    i.__scatterload_zeroinit                 0x08004604   Section       14  handlers.o(i.__scatterload_zeroinit)
    i.__set_errno                            0x08004614   Section        0  errno.o(i.__set_errno)
    i._fp_digits                             0x08004620   Section        0  printfa.o(i._fp_digits)
    _fp_digits                               0x08004621   Thumb Code   366  printfa.o(i._fp_digits)
    i._printf_core                           0x080047a4   Section        0  printfa.o(i._printf_core)
    _printf_core                             0x080047a5   Thumb Code  1744  printfa.o(i._printf_core)
    i._printf_post_padding                   0x08004e80   Section        0  printfa.o(i._printf_post_padding)
    _printf_post_padding                     0x08004e81   Thumb Code    36  printfa.o(i._printf_post_padding)
    i._printf_pre_padding                    0x08004ea4   Section        0  printfa.o(i._printf_pre_padding)
    _printf_pre_padding                      0x08004ea5   Thumb Code    46  printfa.o(i._printf_pre_padding)
    i._sputc                                 0x08004ed2   Section        0  printfa.o(i._sputc)
    _sputc                                   0x08004ed3   Thumb Code    10  printfa.o(i._sputc)
    i.batchnormalization2D                   0x08004edc   Section        0  network.o(i.batchnormalization2D)
    i.convolution                            0x08004fc8   Section        0  network.o(i.convolution)
    i.dnn_compute                            0x08005174   Section        0  dnn_compute.o(i.dnn_compute)
    i.exp                                    0x0800523c   Section        0  exp.o(i.exp)
    i.innerproduct                           0x080054c0   Section        0  network.o(i.innerproduct)
    i.main                                   0x08005530   Section        0  main.o(i.main)
    i.padding                                0x08005ff4   Section        0  network.o(i.padding)
    i.relu                                   0x080060a0   Section        0  network.o(i.relu)
    i.softmax                                0x080060e0   Section        0  network.o(i.softmax)
    i.sqrt                                   0x080061a2   Section        0  sqrt.o(i.sqrt)
    i.sqrtf                                  0x080061ee   Section        0  sqrtf.o(i.sqrtf)
    .constdata                               0x0800621a   Section       24  system_stm32f1xx.o(.constdata)
    .constdata                               0x08006234   Section    365828  dnn_compute.o(.constdata)
    .constdata                               0x0805f738   Section       32  network.o(.constdata)
    .constdata                               0x0805f758   Section       88  exp.o(.constdata)
    halF                                     0x0805f758   Data          16  exp.o(.constdata)
    ln2HI                                    0x0805f768   Data          16  exp.o(.constdata)
    ln2LO                                    0x0805f778   Data          16  exp.o(.constdata)
    P                                        0x0805f788   Data          40  exp.o(.constdata)
    .data                                    0x20000000   Section      108  main.o(.data)
    .data                                    0x2000006c   Section        9  stm32f1xx_hal.o(.data)
    .data                                    0x20000078   Section        4  system_stm32f1xx.o(.data)
    .data                                    0x2000007c   Section      124  dnn_compute.o(.data)
    .data                                    0x200000f8   Section        4  errno.o(.data)
    _errno                                   0x200000f8   Data           4  errno.o(.data)
    .bss                                     0x200000fc   Section    30964  main.o(.bss)
    .bss                                     0x200079f0   Section    16184  dnn_compute.o(.bss)
    STACK                                    0x2000b928   Section     1024  startup_stm32f103xg.o(STACK)

    Global Symbols

    Symbol Name                              Value     Ov Type        Size  Object(Section)

    BuildAttributes$$THM_ISAv4$P$D$K$B$S$PE$A:L22UL41UL21$X:L11$S22US41US21$IEEE1$IW$USESV6$~STKCKD$USESV7$~SHL$OTIME$ROPI$IEEEX$EBA8$MICROLIB$REQ8$PRES8$EABIv2 0x00000000   Number         0  anon$$obj.o ABSOLUTE
    __ARM_use_no_argv                        0x00000000   Number         0  main.o ABSOLUTE
    _printf_a                                0x00000000   Number         0  stubs.o ABSOLUTE
    _printf_c                                0x00000000   Number         0  stubs.o ABSOLUTE
    _printf_charcount                        0x00000000   Number         0  stubs.o ABSOLUTE
    _printf_d                                0x00000000   Number         0  stubs.o ABSOLUTE
    _printf_e                                0x00000000   Number         0  stubs.o ABSOLUTE
    _printf_f                                0x00000000   Number         0  stubs.o ABSOLUTE
    _printf_flags                            0x00000000   Number         0  stubs.o ABSOLUTE
    _printf_fp_dec                           0x00000000   Number         0  stubs.o ABSOLUTE
    _printf_fp_hex                           0x00000000   Number         0  stubs.o ABSOLUTE
    _printf_g                                0x00000000   Number         0  stubs.o ABSOLUTE
    _printf_i                                0x00000000   Number         0  stubs.o ABSOLUTE
    _printf_int_dec                          0x00000000   Number         0  stubs.o ABSOLUTE
    _printf_l                                0x00000000   Number         0  stubs.o ABSOLUTE
    _printf_lc                               0x00000000   Number         0  stubs.o ABSOLUTE
    _printf_ll                               0x00000000   Number         0  stubs.o ABSOLUTE
    _printf_lld                              0x00000000   Number         0  stubs.o ABSOLUTE
    _printf_lli                              0x00000000   Number         0  stubs.o ABSOLUTE
    _printf_llo                              0x00000000   Number         0  stubs.o ABSOLUTE
    _printf_llu                              0x00000000   Number         0  stubs.o ABSOLUTE
    _printf_llx                              0x00000000   Number         0  stubs.o ABSOLUTE
    _printf_longlong_dec                     0x00000000   Number         0  stubs.o ABSOLUTE
    _printf_longlong_hex                     0x00000000   Number         0  stubs.o ABSOLUTE
    _printf_longlong_oct                     0x00000000   Number         0  stubs.o ABSOLUTE
    _printf_ls                               0x00000000   Number         0  stubs.o ABSOLUTE
    _printf_mbtowc                           0x00000000   Number         0  stubs.o ABSOLUTE
    _printf_n                                0x00000000   Number         0  stubs.o ABSOLUTE
    _printf_o                                0x00000000   Number         0  stubs.o ABSOLUTE
    _printf_p                                0x00000000   Number         0  stubs.o ABSOLUTE
    _printf_percent                          0x00000000   Number         0  stubs.o ABSOLUTE
    _printf_pre_padding                      0x00000000   Number         0  stubs.o ABSOLUTE
    _printf_return_value                     0x00000000   Number         0  stubs.o ABSOLUTE
    _printf_s                                0x00000000   Number         0  stubs.o ABSOLUTE
    _printf_sizespec                         0x00000000   Number         0  stubs.o ABSOLUTE
    _printf_str                              0x00000000   Number         0  stubs.o ABSOLUTE
    _printf_truncate_signed                  0x00000000   Number         0  stubs.o ABSOLUTE
    _printf_truncate_unsigned                0x00000000   Number         0  stubs.o ABSOLUTE
    _printf_u                                0x00000000   Number         0  stubs.o ABSOLUTE
    _printf_wc                               0x00000000   Number         0  stubs.o ABSOLUTE
    _printf_wctomb                           0x00000000   Number         0  stubs.o ABSOLUTE
    _printf_widthprec                        0x00000000   Number         0  stubs.o ABSOLUTE
    _printf_x                                0x00000000   Number         0  stubs.o ABSOLUTE
    __cpp_initialize__aeabi_                  - Undefined Weak Reference
    __cxa_finalize                            - Undefined Weak Reference
    __decompress                              - Undefined Weak Reference
    _clock_init                               - Undefined Weak Reference
    _microlib_exit                            - Undefined Weak Reference
    __Vectors_Size                           0x00000130   Number         0  startup_stm32f103xg.o ABSOLUTE
    __Vectors                                0x08000000   Data           4  startup_stm32f103xg.o(RESET)
    __Vectors_End                            0x08000130   Data           0  startup_stm32f103xg.o(RESET)
    __main                                   0x08000131   Thumb Code     0  entry.o(.ARM.Collect$$$$00000000)
    _main_stk                                0x08000131   Thumb Code     0  entry2.o(.ARM.Collect$$$$00000001)
    _main_scatterload                        0x08000135   Thumb Code     0  entry5.o(.ARM.Collect$$$$00000004)
    __main_after_scatterload                 0x08000139   Thumb Code     0  entry5.o(.ARM.Collect$$$$00000004)
    _main_clock                              0x08000139   Thumb Code     0  entry7b.o(.ARM.Collect$$$$00000008)
    _main_cpp_init                           0x08000139   Thumb Code     0  entry8b.o(.ARM.Collect$$$$0000000A)
    _main_init                               0x08000139   Thumb Code     0  entry9a.o(.ARM.Collect$$$$0000000B)
    __rt_final_cpp                           0x08000141   Thumb Code     0  entry10a.o(.ARM.Collect$$$$0000000D)
    __rt_final_exit                          0x08000141   Thumb Code     0  entry11a.o(.ARM.Collect$$$$0000000F)
    Reset_Handler                            0x08000145   Thumb Code     8  startup_stm32f103xg.o(.text)
    ADC1_2_IRQHandler                        0x0800015f   Thumb Code     0  startup_stm32f103xg.o(.text)
    ADC3_IRQHandler                          0x0800015f   Thumb Code     0  startup_stm32f103xg.o(.text)
    CAN1_RX1_IRQHandler                      0x0800015f   Thumb Code     0  startup_stm32f103xg.o(.text)
    CAN1_SCE_IRQHandler                      0x0800015f   Thumb Code     0  startup_stm32f103xg.o(.text)
    DMA1_Channel1_IRQHandler                 0x0800015f   Thumb Code     0  startup_stm32f103xg.o(.text)
    DMA1_Channel2_IRQHandler                 0x0800015f   Thumb Code     0  startup_stm32f103xg.o(.text)
    DMA1_Channel3_IRQHandler                 0x0800015f   Thumb Code     0  startup_stm32f103xg.o(.text)
    DMA1_Channel4_IRQHandler                 0x0800015f   Thumb Code     0  startup_stm32f103xg.o(.text)
    DMA1_Channel5_IRQHandler                 0x0800015f   Thumb Code     0  startup_stm32f103xg.o(.text)
    DMA1_Channel6_IRQHandler                 0x0800015f   Thumb Code     0  startup_stm32f103xg.o(.text)
    DMA1_Channel7_IRQHandler                 0x0800015f   Thumb Code     0  startup_stm32f103xg.o(.text)
    DMA2_Channel1_IRQHandler                 0x0800015f   Thumb Code     0  startup_stm32f103xg.o(.text)
    DMA2_Channel2_IRQHandler                 0x0800015f   Thumb Code     0  startup_stm32f103xg.o(.text)
    DMA2_Channel3_IRQHandler                 0x0800015f   Thumb Code     0  startup_stm32f103xg.o(.text)
    DMA2_Channel4_5_IRQHandler               0x0800015f   Thumb Code     0  startup_stm32f103xg.o(.text)
    EXTI0_IRQHandler                         0x0800015f   Thumb Code     0  startup_stm32f103xg.o(.text)
    EXTI15_10_IRQHandler                     0x0800015f   Thumb Code     0  startup_stm32f103xg.o(.text)
    EXTI1_IRQHandler                         0x0800015f   Thumb Code     0  startup_stm32f103xg.o(.text)
    EXTI2_IRQHandler                         0x0800015f   Thumb Code     0  startup_stm32f103xg.o(.text)
    EXTI3_IRQHandler                         0x0800015f   Thumb Code     0  startup_stm32f103xg.o(.text)
    EXTI4_IRQHandler                         0x0800015f   Thumb Code     0  startup_stm32f103xg.o(.text)
    EXTI9_5_IRQHandler                       0x0800015f   Thumb Code     0  startup_stm32f103xg.o(.text)
    FLASH_IRQHandler                         0x0800015f   Thumb Code     0  startup_stm32f103xg.o(.text)
    FSMC_IRQHandler                          0x0800015f   Thumb Code     0  startup_stm32f103xg.o(.text)
    I2C1_ER_IRQHandler                       0x0800015f   Thumb Code     0  startup_stm32f103xg.o(.text)
    I2C1_EV_IRQHandler                       0x0800015f   Thumb Code     0  startup_stm32f103xg.o(.text)
    I2C2_ER_IRQHandler                       0x0800015f   Thumb Code     0  startup_stm32f103xg.o(.text)
    I2C2_EV_IRQHandler                       0x0800015f   Thumb Code     0  startup_stm32f103xg.o(.text)
    PVD_IRQHandler                           0x0800015f   Thumb Code     0  startup_stm32f103xg.o(.text)
    RCC_IRQHandler                           0x0800015f   Thumb Code     0  startup_stm32f103xg.o(.text)
    RTC_Alarm_IRQHandler                     0x0800015f   Thumb Code     0  startup_stm32f103xg.o(.text)
    RTC_IRQHandler                           0x0800015f   Thumb Code     0  startup_stm32f103xg.o(.text)
    SDIO_IRQHandler                          0x0800015f   Thumb Code     0  startup_stm32f103xg.o(.text)
    SPI1_IRQHandler                          0x0800015f   Thumb Code     0  startup_stm32f103xg.o(.text)
    SPI2_IRQHandler                          0x0800015f   Thumb Code     0  startup_stm32f103xg.o(.text)
    SPI3_IRQHandler                          0x0800015f   Thumb Code     0  startup_stm32f103xg.o(.text)
    TAMPER_IRQHandler                        0x0800015f   Thumb Code     0  startup_stm32f103xg.o(.text)
    TIM1_BRK_TIM9_IRQHandler                 0x0800015f   Thumb Code     0  startup_stm32f103xg.o(.text)
    TIM1_CC_IRQHandler                       0x0800015f   Thumb Code     0  startup_stm32f103xg.o(.text)
    TIM1_TRG_COM_TIM11_IRQHandler            0x0800015f   Thumb Code     0  startup_stm32f103xg.o(.text)
    TIM1_UP_TIM10_IRQHandler                 0x0800015f   Thumb Code     0  startup_stm32f103xg.o(.text)
    TIM2_IRQHandler                          0x0800015f   Thumb Code     0  startup_stm32f103xg.o(.text)
    TIM4_IRQHandler                          0x0800015f   Thumb Code     0  startup_stm32f103xg.o(.text)
    TIM5_IRQHandler                          0x0800015f   Thumb Code     0  startup_stm32f103xg.o(.text)
    TIM6_IRQHandler                          0x0800015f   Thumb Code     0  startup_stm32f103xg.o(.text)
    TIM7_IRQHandler                          0x0800015f   Thumb Code     0  startup_stm32f103xg.o(.text)
    TIM8_BRK_TIM12_IRQHandler                0x0800015f   Thumb Code     0  startup_stm32f103xg.o(.text)
    TIM8_CC_IRQHandler                       0x0800015f   Thumb Code     0  startup_stm32f103xg.o(.text)
    TIM8_TRG_COM_TIM14_IRQHandler            0x0800015f   Thumb Code     0  startup_stm32f103xg.o(.text)
    TIM8_UP_TIM13_IRQHandler                 0x0800015f   Thumb Code     0  startup_stm32f103xg.o(.text)
    UART4_IRQHandler                         0x0800015f   Thumb Code     0  startup_stm32f103xg.o(.text)
    UART5_IRQHandler                         0x0800015f   Thumb Code     0  startup_stm32f103xg.o(.text)
    USART2_IRQHandler                        0x0800015f   Thumb Code     0  startup_stm32f103xg.o(.text)
    USART3_IRQHandler                        0x0800015f   Thumb Code     0  startup_stm32f103xg.o(.text)
    USBWakeUp_IRQHandler                     0x0800015f   Thumb Code     0  startup_stm32f103xg.o(.text)
    USB_HP_CAN1_TX_IRQHandler                0x0800015f   Thumb Code     0  startup_stm32f103xg.o(.text)
    USB_LP_CAN1_RX0_IRQHandler               0x0800015f   Thumb Code     0  startup_stm32f103xg.o(.text)
    WWDG_IRQHandler                          0x0800015f   Thumb Code     0  startup_stm32f103xg.o(.text)
    __aeabi_llsr                             0x08000169   Thumb Code    32  llushr.o(.text)
    _ll_ushift_r                             0x08000169   Thumb Code     0  llushr.o(.text)
    __aeabi_memcpy                           0x08000189   Thumb Code    36  memcpya.o(.text)
    __aeabi_memcpy4                          0x08000189   Thumb Code     0  memcpya.o(.text)
    __aeabi_memcpy8                          0x08000189   Thumb Code     0  memcpya.o(.text)
    __aeabi_memset                           0x080001ad   Thumb Code    14  memseta.o(.text)
    __aeabi_memset4                          0x080001ad   Thumb Code     0  memseta.o(.text)
    __aeabi_memset8                          0x080001ad   Thumb Code     0  memseta.o(.text)
    __aeabi_memclr                           0x080001bb   Thumb Code     4  memseta.o(.text)
    __aeabi_memclr4                          0x080001bb   Thumb Code     0  memseta.o(.text)
    __aeabi_memclr8                          0x080001bb   Thumb Code     0  memseta.o(.text)
    _memset$wrapper                          0x080001bf   Thumb Code    18  memseta.o(.text)
    __aeabi_fadd                             0x080001d1   Thumb Code   164  fadd.o(.text)
    __aeabi_fsub                             0x08000275   Thumb Code     6  fadd.o(.text)
    __aeabi_frsub                            0x0800027b   Thumb Code     6  fadd.o(.text)
    __aeabi_fmul                             0x08000281   Thumb Code   100  fmul.o(.text)
    __aeabi_fdiv                             0x080002e5   Thumb Code   124  fdiv.o(.text)
    __aeabi_dadd                             0x08000361   Thumb Code   322  dadd.o(.text)
    __aeabi_dsub                             0x080004a3   Thumb Code     6  dadd.o(.text)
    __aeabi_drsub                            0x080004a9   Thumb Code     6  dadd.o(.text)
    __aeabi_ddiv                             0x080004af   Thumb Code   222  ddiv.o(.text)
    __aeabi_fcmplt                           0x0800058d   Thumb Code    28  fcmplt.o(.text)
    __aeabi_fcmpgt                           0x080005a9   Thumb Code    28  fcmpgt.o(.text)
    __aeabi_i2f                              0x080005c5   Thumb Code    18  fflti.o(.text)
    __aeabi_ui2f                             0x080005d7   Thumb Code    10  ffltui.o(.text)
    __aeabi_f2iz                             0x080005e1   Thumb Code    50  ffixi.o(.text)
    __aeabi_f2d                              0x08000613   Thumb Code    38  f2d.o(.text)
    __aeabi_d2f                              0x08000639   Thumb Code    56  d2f.o(.text)
    __aeabi_cfcmpeq                          0x08000671   Thumb Code     0  cfcmple.o(.text)
    __aeabi_cfcmple                          0x08000671   Thumb Code    20  cfcmple.o(.text)
    __aeabi_cfrcmple                         0x08000685   Thumb Code    20  cfrcmple.o(.text)
    __aeabi_uidiv                            0x08000699   Thumb Code     0  uidiv.o(.text)
    __aeabi_uidivmod                         0x08000699   Thumb Code    44  uidiv.o(.text)
    __aeabi_uldivmod                         0x080006c5   Thumb Code    98  uldiv.o(.text)
    __aeabi_llsl                             0x08000727   Thumb Code    30  llshl.o(.text)
    _ll_shift_l                              0x08000727   Thumb Code     0  llshl.o(.text)
    __aeabi_lasr                             0x08000745   Thumb Code    36  llsshr.o(.text)
    _ll_sshift_r                             0x08000745   Thumb Code     0  llsshr.o(.text)
    __I$use$fp                               0x08000769   Thumb Code     0  iusefp.o(.text)
    _float_round                             0x08000769   Thumb Code    18  fepilogue.o(.text)
    _float_epilogue                          0x0800077b   Thumb Code    92  fepilogue.o(.text)
    _fsqrt                                   0x080007d7   Thumb Code    94  fsqrt.o(.text)
    _double_round                            0x08000835   Thumb Code    30  depilogue.o(.text)
    _double_epilogue                         0x08000853   Thumb Code   156  depilogue.o(.text)
    __aeabi_dmul                             0x080008ef   Thumb Code   228  dmul.o(.text)
    __ARM_scalbn                             0x080009d3   Thumb Code    46  dscalb.o(.text)
    scalbn                                   0x080009d3   Thumb Code     0  dscalb.o(.text)
    _dsqrt                                   0x08000a01   Thumb Code   162  dsqrt.o(.text)
    __aeabi_i2d                              0x08000aa3   Thumb Code    34  dflti.o(.text)
    __aeabi_d2iz                             0x08000ac5   Thumb Code    62  dfixi.o(.text)
    __aeabi_d2ulz                            0x08000b03   Thumb Code    48  dfixul.o(.text)
    __aeabi_cdcmpeq                          0x08000b35   Thumb Code     0  cdcmple.o(.text)
    __aeabi_cdcmple                          0x08000b35   Thumb Code    48  cdcmple.o(.text)
    __aeabi_cdrcmple                         0x08000b65   Thumb Code    48  cdrcmple.o(.text)
    __scatterload                            0x08000b95   Thumb Code    28  init.o(.text)
    __scatterload_rt2                        0x08000b95   Thumb Code     0  init.o(.text)
    arm_bitreversal_32                       0x08000bb9   Thumb Code    64  arm_bitreversal2.o(.text.arm_bitreversal_32)
    arm_cfft_f32                             0x08000bf9   Thumb Code   256  arm_cfft_f32.o(.text.arm_cfft_f32)
    arm_cfft_radix8by2_f32                   0x08000cf9   Thumb Code   642  arm_cfft_f32.o(.text.arm_cfft_radix8by2_f32)
    arm_cfft_radix8by4_f32                   0x08000f7d   Thumb Code  1692  arm_cfft_f32.o(.text.arm_cfft_radix8by4_f32)
    arm_cmplx_mag_f32                        0x08001619   Thumb Code   232  arm_cmplx_mag_f32.o(.text.arm_cmplx_mag_f32)
    arm_max_f32                              0x08001701   Thumb Code   288  arm_max_f32.o(.text.arm_max_f32)
    arm_min_f32                              0x08001821   Thumb Code   288  arm_min_f32.o(.text.arm_min_f32)
    arm_radix8_butterfly_f32                 0x08001941   Thumb Code  2182  arm_cfft_radix8_f32.o(.text.arm_radix8_butterfly_f32)
    BusFault_Handler                         0x080021c7   Thumb Code     4  stm32f1xx_it.o(i.BusFault_Handler)
    DebugMon_Handler                         0x080021cb   Thumb Code     2  stm32f1xx_it.o(i.DebugMon_Handler)
    Error_Handler                            0x080021cd   Thumb Code     6  main.o(i.Error_Handler)
    HAL_DMA_Abort                            0x080021d3   Thumb Code    86  stm32f1xx_hal_dma.o(i.HAL_DMA_Abort)
    HAL_DMA_Abort_IT                         0x08002229   Thumb Code   414  stm32f1xx_hal_dma.o(i.HAL_DMA_Abort_IT)
    HAL_GPIO_Init                            0x080023d1   Thumb Code   792  stm32f1xx_hal_gpio.o(i.HAL_GPIO_Init)
    HAL_GPIO_ReadPin                         0x08002711   Thumb Code    16  stm32f1xx_hal_gpio.o(i.HAL_GPIO_ReadPin)
    HAL_GetTick                              0x08002721   Thumb Code     6  stm32f1xx_hal.o(i.HAL_GetTick)
    HAL_IncTick                              0x0800272d   Thumb Code    16  stm32f1xx_hal.o(i.HAL_IncTick)
    HAL_Init                                 0x08002745   Thumb Code    34  stm32f1xx_hal.o(i.HAL_Init)
    HAL_InitTick                             0x0800276d   Thumb Code    64  stm32f1xx_hal.o(i.HAL_InitTick)
    HAL_MspInit                              0x080027b9   Thumb Code    76  stm32f1xx_hal_msp.o(i.HAL_MspInit)
    HAL_NVIC_EnableIRQ                       0x0800280d   Thumb Code    32  stm32f1xx_hal_cortex.o(i.HAL_NVIC_EnableIRQ)
    HAL_NVIC_SetPriority                     0x0800282d   Thumb Code   124  stm32f1xx_hal_cortex.o(i.HAL_NVIC_SetPriority)
    HAL_NVIC_SetPriorityGrouping             0x080028a9   Thumb Code    32  stm32f1xx_hal_cortex.o(i.HAL_NVIC_SetPriorityGrouping)
    HAL_RCC_ClockConfig                      0x080028d1   Thumb Code   376  stm32f1xx_hal_rcc.o(i.HAL_RCC_ClockConfig)
    HAL_RCC_GetHCLKFreq                      0x08002a5d   Thumb Code     6  stm32f1xx_hal_rcc.o(i.HAL_RCC_GetHCLKFreq)
    HAL_RCC_GetPCLK1Freq                     0x08002a69   Thumb Code    22  stm32f1xx_hal_rcc.o(i.HAL_RCC_GetPCLK1Freq)
    HAL_RCC_GetPCLK2Freq                     0x08002a89   Thumb Code    22  stm32f1xx_hal_rcc.o(i.HAL_RCC_GetPCLK2Freq)
    HAL_RCC_GetSysClockFreq                  0x08002aa9   Thumb Code   116  stm32f1xx_hal_rcc.o(i.HAL_RCC_GetSysClockFreq)
    HAL_RCC_OscConfig                        0x08002b3d   Thumb Code  1114  stm32f1xx_hal_rcc.o(i.HAL_RCC_OscConfig)
    HAL_SYSTICK_Config                       0x08002fa1   Thumb Code    52  stm32f1xx_hal_cortex.o(i.HAL_SYSTICK_Config)
    HAL_TIMEx_BreakCallback                  0x08002fd5   Thumb Code     2  stm32f1xx_hal_tim_ex.o(i.HAL_TIMEx_BreakCallback)
    HAL_TIMEx_CommutCallback                 0x08002fd7   Thumb Code     2  stm32f1xx_hal_tim_ex.o(i.HAL_TIMEx_CommutCallback)
    HAL_TIMEx_MasterConfigSynchronization    0x08002fd9   Thumb Code   150  stm32f1xx_hal_tim_ex.o(i.HAL_TIMEx_MasterConfigSynchronization)
    HAL_TIM_Base_Init                        0x0800308d   Thumb Code   102  stm32f1xx_hal_tim.o(i.HAL_TIM_Base_Init)
    HAL_TIM_Base_MspInit                     0x080030f5   Thumb Code    58  stm32f1xx_hal_msp.o(i.HAL_TIM_Base_MspInit)
    HAL_TIM_Base_Start_IT                    0x08003139   Thumb Code   138  stm32f1xx_hal_tim.o(i.HAL_TIM_Base_Start_IT)
    HAL_TIM_ConfigClockSource                0x080031e1   Thumb Code   264  stm32f1xx_hal_tim.o(i.HAL_TIM_ConfigClockSource)
    HAL_TIM_IC_CaptureCallback               0x080032e9   Thumb Code     2  stm32f1xx_hal_tim.o(i.HAL_TIM_IC_CaptureCallback)
    HAL_TIM_IRQHandler                       0x080032eb   Thumb Code   406  stm32f1xx_hal_tim.o(i.HAL_TIM_IRQHandler)
    HAL_TIM_MspPostInit                      0x08003481   Thumb Code    74  stm32f1xx_hal_msp.o(i.HAL_TIM_MspPostInit)
    HAL_TIM_OC_DelayElapsedCallback          0x080034d9   Thumb Code     2  stm32f1xx_hal_tim.o(i.HAL_TIM_OC_DelayElapsedCallback)
    HAL_TIM_PWM_ConfigChannel                0x080034db   Thumb Code   252  stm32f1xx_hal_tim.o(i.HAL_TIM_PWM_ConfigChannel)
    HAL_TIM_PWM_Init                         0x080035d7   Thumb Code   102  stm32f1xx_hal_tim.o(i.HAL_TIM_PWM_Init)
    HAL_TIM_PWM_MspInit                      0x0800363d   Thumb Code     2  stm32f1xx_hal_tim.o(i.HAL_TIM_PWM_MspInit)
    HAL_TIM_PWM_PulseFinishedCallback        0x0800363f   Thumb Code     2  stm32f1xx_hal_tim.o(i.HAL_TIM_PWM_PulseFinishedCallback)
    HAL_TIM_PWM_Start                        0x08003641   Thumb Code   238  stm32f1xx_hal_tim.o(i.HAL_TIM_PWM_Start)
    HAL_TIM_PWM_Stop                         0x0800374d   Thumb Code   160  stm32f1xx_hal_tim.o(i.HAL_TIM_PWM_Stop)
    HAL_TIM_PeriodElapsedCallback            0x080037f5   Thumb Code     2  stm32f1xx_hal_tim.o(i.HAL_TIM_PeriodElapsedCallback)
    HAL_TIM_TriggerCallback                  0x080037f7   Thumb Code     2  stm32f1xx_hal_tim.o(i.HAL_TIM_TriggerCallback)
    HAL_UARTEx_RxEventCallback               0x080037f9   Thumb Code     2  stm32f1xx_hal_uart.o(i.HAL_UARTEx_RxEventCallback)
    HAL_UART_ErrorCallback                   0x080037fb   Thumb Code     2  stm32f1xx_hal_uart.o(i.HAL_UART_ErrorCallback)
    HAL_UART_IRQHandler                      0x080037fd   Thumb Code   582  stm32f1xx_hal_uart.o(i.HAL_UART_IRQHandler)
    HAL_UART_Init                            0x08003a49   Thumb Code   114  stm32f1xx_hal_uart.o(i.HAL_UART_Init)
    HAL_UART_MspInit                         0x08003abd   Thumb Code   138  stm32f1xx_hal_msp.o(i.HAL_UART_MspInit)
    HAL_UART_RxCpltCallback                  0x08003b55   Thumb Code     2  stm32f1xx_hal_uart.o(i.HAL_UART_RxCpltCallback)
    HAL_UART_Transmit                        0x08003b57   Thumb Code   210  stm32f1xx_hal_uart.o(i.HAL_UART_Transmit)
    HAL_UART_TxCpltCallback                  0x08003c29   Thumb Code     2  stm32f1xx_hal_uart.o(i.HAL_UART_TxCpltCallback)
    HardFault_Handler                        0x08003c2b   Thumb Code     4  stm32f1xx_it.o(i.HardFault_Handler)
    MemManage_Handler                        0x08003d89   Thumb Code     4  stm32f1xx_it.o(i.MemManage_Handler)
    NMI_Handler                              0x08003d8d   Thumb Code     4  stm32f1xx_it.o(i.NMI_Handler)
    PendSV_Handler                           0x08003d91   Thumb Code     2  stm32f1xx_it.o(i.PendSV_Handler)
    SVC_Handler                              0x08003dbd   Thumb Code     2  stm32f1xx_it.o(i.SVC_Handler)
    SysTick_Handler                          0x08003dbf   Thumb Code     8  stm32f1xx_it.o(i.SysTick_Handler)
    SystemClock_Config                       0x08003dc7   Thumb Code   102  main.o(i.SystemClock_Config)
    SystemInit                               0x08003e2d   Thumb Code     2  system_stm32f1xx.o(i.SystemInit)
    TIM3_IRQHandler                          0x08003e31   Thumb Code    16  stm32f1xx_it.o(i.TIM3_IRQHandler)
    TIM_Base_SetConfig                       0x08003e49   Thumb Code   170  stm32f1xx_hal_tim.o(i.TIM_Base_SetConfig)
    TIM_CCxChannelCmd                        0x08003f21   Thumb Code    34  stm32f1xx_hal_tim.o(i.TIM_CCxChannelCmd)
    TIM_ETR_SetConfig                        0x08003f43   Thumb Code    22  stm32f1xx_hal_tim.o(i.TIM_ETR_SetConfig)
    TIM_OC2_SetConfig                        0x08003fdd   Thumb Code   114  stm32f1xx_hal_tim.o(i.TIM_OC2_SetConfig)
    USART1_IRQHandler                        0x08004489   Thumb Code    10  stm32f1xx_it.o(i.USART1_IRQHandler)
    UsageFault_Handler                       0x08004499   Thumb Code     4  stm32f1xx_it.o(i.UsageFault_Handler)
    __0sprintf                               0x0800449d   Thumb Code    34  printfa.o(i.__0sprintf)
    __1sprintf                               0x0800449d   Thumb Code     0  printfa.o(i.__0sprintf)
    __2sprintf                               0x0800449d   Thumb Code     0  printfa.o(i.__0sprintf)
    __c89sprintf                             0x0800449d   Thumb Code     0  printfa.o(i.__0sprintf)
    sprintf                                  0x0800449d   Thumb Code     0  printfa.o(i.__0sprintf)
    __ARM_fpclassify                         0x080044c5   Thumb Code    40  fpclassify.o(i.__ARM_fpclassify)
    __kernel_poly                            0x08004525   Thumb Code   170  poly.o(i.__kernel_poly)
    __mathlib_dbl_infnan                     0x080045cf   Thumb Code     6  dunder.o(i.__mathlib_dbl_infnan)
    __mathlib_dbl_overflow                   0x080045d5   Thumb Code    14  dunder.o(i.__mathlib_dbl_overflow)
    __mathlib_dbl_underflow                  0x080045e5   Thumb Code    10  dunder.o(i.__mathlib_dbl_underflow)
    __scatterload_copy                       0x080045f5   Thumb Code    14  handlers.o(i.__scatterload_copy)
    __scatterload_null                       0x08004603   Thumb Code     2  handlers.o(i.__scatterload_null)
    __scatterload_zeroinit                   0x08004605   Thumb Code    14  handlers.o(i.__scatterload_zeroinit)
    __set_errno                              0x08004615   Thumb Code     6  errno.o(i.__set_errno)
    batchnormalization2D                     0x08004edd   Thumb Code   234  network.o(i.batchnormalization2D)
    convolution                              0x08004fc9   Thumb Code   424  network.o(i.convolution)
    dnn_compute                              0x08005175   Thumb Code   148  dnn_compute.o(i.dnn_compute)
    exp                                      0x0800523d   Thumb Code   554  exp.o(i.exp)
    innerproduct                             0x080054c1   Thumb Code   110  network.o(i.innerproduct)
    main                                     0x08005531   Thumb Code  2678  main.o(i.main)
    padding                                  0x08005ff5   Thumb Code   172  network.o(i.padding)
    relu                                     0x080060a1   Thumb Code    64  network.o(i.relu)
    softmax                                  0x080060e1   Thumb Code   194  network.o(i.softmax)
    sqrt                                     0x080061a3   Thumb Code    76  sqrt.o(i.sqrt)
    sqrtf                                    0x080061ef   Thumb Code    44  sqrtf.o(i.sqrtf)
    AHBPrescTable                            0x0800621a   Data          16  system_stm32f1xx.o(.constdata)
    APBPrescTable                            0x0800622a   Data           8  system_stm32f1xx.o(.constdata)
    ip_op_scale                              0x08006234   Data           8  dnn_compute.o(.constdata)
    ip_op_zero_point                         0x0800623c   Data           2  dnn_compute.o(.constdata)
    conv2d_weights                           0x08006240   Data        5880  dnn_compute.o(.constdata)
    conv2d_biases                            0x08007938   Data          20  dnn_compute.o(.constdata)
    dense_weights                            0x0800794c   Data       346880  dnn_compute.o(.constdata)
    dense_biases                             0x0805c44c   Data        1084  dnn_compute.o(.constdata)
    batch_normalization_gamma                0x0805c888   Data        1084  dnn_compute.o(.constdata)
    batch_normalization_beta                 0x0805ccc4   Data        1084  dnn_compute.o(.constdata)
    batch_normalization_mean                 0x0805d100   Data        1084  dnn_compute.o(.constdata)
    batch_normalization_variance             0x0805d53c   Data        1084  dnn_compute.o(.constdata)
    dense_1_weights                          0x0805d978   Data        7588  dnn_compute.o(.constdata)
    dense_1_biases                           0x0805f71c   Data          28  dnn_compute.o(.constdata)
    armBitRevIndexTable128                   0x0805f7b0   Data         416  arm_common_tables.o(.rodata.armBitRevIndexTable128)
    arm_cfft_sR_f32_len128                   0x0805f950   Data          16  arm_const_structs.o(.rodata.arm_cfft_sR_f32_len128)
    twiddleCoef_128                          0x0805f960   Data        1024  arm_common_tables.o(.rodata.twiddleCoef_128)
    Region$$Table$$Base                      0x0805fd60   Number         0  anon$$obj.o(Region$$Table)
    Region$$Table$$Limit                     0x0805fd80   Number         0  anon$$obj.o(Region$$Table)
    a1                                       0x20000000   Data           4  main.o(.data)
    a2                                       0x20000004   Data           4  main.o(.data)
    a3                                       0x20000008   Data           4  main.o(.data)
    a4                                       0x2000000c   Data           4  main.o(.data)
    a5                                       0x20000010   Data           4  main.o(.data)
    a6                                       0x20000014   Data           4  main.o(.data)
    hx711_ready                              0x20000018   Data           4  main.o(.data)
    data_ready                               0x2000001c   Data           4  main.o(.data)
    hx711_cnt                                0x20000020   Data           4  main.o(.data)
    ring_cnt                                 0x20000024   Data           4  main.o(.data)
    avg_ready                                0x20000028   Data           4  main.o(.data)
    avg_cnt                                  0x2000002c   Data           4  main.o(.data)
    i                                        0x20000030   Data           4  main.o(.data)
    j                                        0x20000034   Data           4  main.o(.data)
    m                                        0x20000038   Data           4  main.o(.data)
    n                                        0x2000003c   Data           4  main.o(.data)
    avg_start                                0x20000040   Data           4  main.o(.data)
    uart_start                               0x20000044   Data           4  main.o(.data)
    stop_bit                                 0x20000048   Data           4  main.o(.data)
    start_bit                                0x2000004c   Data           4  main.o(.data)
    th_cnt                                   0x20000050   Data           4  main.o(.data)
    sample_flag                              0x20000054   Data           4  main.o(.data)
    max_value                                0x20000058   Data           4  main.o(.data)
    min_value                                0x2000005c   Data           4  main.o(.data)
    max_index                                0x20000060   Data           4  main.o(.data)
    result_ptr                               0x20000064   Data           4  main.o(.data)
    errorcode                                0x20000068   Data           4  main.o(.data)
    uwTick                                   0x2000006c   Data           4  stm32f1xx_hal.o(.data)
    uwTickPrio                               0x20000070   Data           4  stm32f1xx_hal.o(.data)
    uwTickFreq                               0x20000074   Data           1  stm32f1xx_hal.o(.data)
    SystemCoreClock                          0x20000078   Data           4  system_stm32f1xx.o(.data)
    layer_shapes                             0x2000007c   Data         124  dnn_compute.o(.data)
    htim3                                    0x200000fc   Data          72  main.o(.bss)
    huart1                                   0x20000144   Data          68  main.o(.bss)
    ring_arr                                 0x20000188   Data        7680  main.o(.bss)
    avg_arr                                  0x20001f88   Data          24  main.o(.bss)
    data_arr                                 0x20001fa0   Data        7680  main.o(.bss)
    fft_arr                                  0x20003da0   Data        1024  main.o(.bss)
    input_arr                                0x200041a0   Data        6144  main.o(.bss)
    abs_arr                                  0x200059a0   Data         512  main.o(.bss)
    max_arr                                  0x20005ba0   Data          16  main.o(.bss)
    min_arr                                  0x20005bb0   Data          16  main.o(.bss)
    final_arr                                0x20005bc0   Data        7680  main.o(.bss)
    tx                                       0x200079c0   Data          48  main.o(.bss)
    dnn_buffer1                              0x200079f0   Data       14904  dnn_compute.o(.bss)
    dnn_buffer2                              0x2000b428   Data        1280  dnn_compute.o(.bss)
    __initial_sp                             0x2000bd28   Data           0  startup_stm32f103xg.o(STACK)



==============================================================================

Memory Map of the image

  Image Entry point : 0x08000131

  Load Region LR_IROM1 (Base: 0x08000000, Size: 0x0005fe7c, Max: 0x00100000, ABSOLUTE)

    Execution Region ER_IROM1 (Base: 0x08000000, Size: 0x0005fd80, Max: 0x00100000, ABSOLUTE)

    Base Addr    Size         Type   Attr      Idx    E Section Name        Object

    0x08000000   0x00000130   Data   RO            3    RESET               startup_stm32f103xg.o
    0x08000130   0x00000000   Code   RO         3110  * .ARM.Collect$$$$00000000  mc_w.l(entry.o)
    0x08000130   0x00000004   Code   RO         3429    .ARM.Collect$$$$00000001  mc_w.l(entry2.o)
    0x08000134   0x00000004   Code   RO         3432    .ARM.Collect$$$$00000004  mc_w.l(entry5.o)
    0x08000138   0x00000000   Code   RO         3434    .ARM.Collect$$$$00000008  mc_w.l(entry7b.o)
    0x08000138   0x00000000   Code   RO         3436    .ARM.Collect$$$$0000000A  mc_w.l(entry8b.o)
    0x08000138   0x00000008   Code   RO         3437    .ARM.Collect$$$$0000000B  mc_w.l(entry9a.o)
    0x08000140   0x00000000   Code   RO         3439    .ARM.Collect$$$$0000000D  mc_w.l(entry10a.o)
    0x08000140   0x00000000   Code   RO         3441    .ARM.Collect$$$$0000000F  mc_w.l(entry11a.o)
    0x08000140   0x00000004   Code   RO         3430    .ARM.Collect$$$$00002712  mc_w.l(entry2.o)
    0x08000144   0x00000024   Code   RO            4    .text               startup_stm32f103xg.o
    0x08000168   0x00000020   Code   RO         3113    .text               mc_w.l(llushr.o)
    0x08000188   0x00000024   Code   RO         3115    .text               mc_w.l(memcpya.o)
    0x080001ac   0x00000024   Code   RO         3117    .text               mc_w.l(memseta.o)
    0x080001d0   0x000000b0   Code   RO         3382    .text               mf_w.l(fadd.o)
    0x08000280   0x00000064   Code   RO         3384    .text               mf_w.l(fmul.o)
    0x080002e4   0x0000007c   Code   RO         3386    .text               mf_w.l(fdiv.o)
    0x08000360   0x0000014e   Code   RO         3388    .text               mf_w.l(dadd.o)
    0x080004ae   0x000000de   Code   RO         3390    .text               mf_w.l(ddiv.o)
    0x0800058c   0x0000001c   Code   RO         3392    .text               mf_w.l(fcmplt.o)
    0x080005a8   0x0000001c   Code   RO         3394    .text               mf_w.l(fcmpgt.o)
    0x080005c4   0x00000012   Code   RO         3396    .text               mf_w.l(fflti.o)
    0x080005d6   0x0000000a   Code   RO         3398    .text               mf_w.l(ffltui.o)
    0x080005e0   0x00000032   Code   RO         3400    .text               mf_w.l(ffixi.o)
    0x08000612   0x00000026   Code   RO         3402    .text               mf_w.l(f2d.o)
    0x08000638   0x00000038   Code   RO         3404    .text               mf_w.l(d2f.o)
    0x08000670   0x00000014   Code   RO         3406    .text               mf_w.l(cfcmple.o)
    0x08000684   0x00000014   Code   RO         3408    .text               mf_w.l(cfrcmple.o)
    0x08000698   0x0000002c   Code   RO         3446    .text               mc_w.l(uidiv.o)
    0x080006c4   0x00000062   Code   RO         3448    .text               mc_w.l(uldiv.o)
    0x08000726   0x0000001e   Code   RO         3450    .text               mc_w.l(llshl.o)
    0x08000744   0x00000024   Code   RO         3452    .text               mc_w.l(llsshr.o)
    0x08000768   0x00000000   Code   RO         3461    .text               mc_w.l(iusefp.o)
    0x08000768   0x0000006e   Code   RO         3462    .text               mf_w.l(fepilogue.o)
    0x080007d6   0x0000005e   Code   RO         3464    .text               mf_w.l(fsqrt.o)
    0x08000834   0x000000ba   Code   RO         3466    .text               mf_w.l(depilogue.o)
    0x080008ee   0x000000e4   Code   RO         3468    .text               mf_w.l(dmul.o)
    0x080009d2   0x0000002e   Code   RO         3470    .text               mf_w.l(dscalb.o)
    0x08000a00   0x000000a2   Code   RO         3472    .text               mf_w.l(dsqrt.o)
    0x08000aa2   0x00000022   Code   RO         3474    .text               mf_w.l(dflti.o)
    0x08000ac4   0x0000003e   Code   RO         3476    .text               mf_w.l(dfixi.o)
    0x08000b02   0x00000030   Code   RO         3478    .text               mf_w.l(dfixul.o)
    0x08000b32   0x00000002   PAD
    0x08000b34   0x00000030   Code   RO         3480    .text               mf_w.l(cdcmple.o)
    0x08000b64   0x00000030   Code   RO         3482    .text               mf_w.l(cdrcmple.o)
    0x08000b94   0x00000024   Code   RO         3484    .text               mc_w.l(init.o)
    0x08000bb8   0x00000040   Code   RO         2967    .text.arm_bitreversal_32  arm_cortexM3l_math.lib(arm_bitreversal2.o)
    0x08000bf8   0x00000100   Code   RO         2877    .text.arm_cfft_f32  arm_cortexM3l_math.lib(arm_cfft_f32.o)
    0x08000cf8   0x00000282   Code   RO         2873    .text.arm_cfft_radix8by2_f32  arm_cortexM3l_math.lib(arm_cfft_f32.o)
    0x08000f7a   0x00000002   PAD
    0x08000f7c   0x0000069c   Code   RO         2875    .text.arm_cfft_radix8by4_f32  arm_cortexM3l_math.lib(arm_cfft_f32.o)
    0x08001618   0x000000e8   Code   RO         2863    .text.arm_cmplx_mag_f32  arm_cortexM3l_math.lib(arm_cmplx_mag_f32.o)
    0x08001700   0x00000120   Code   RO         2888    .text.arm_max_f32   arm_cortexM3l_math.lib(arm_max_f32.o)
    0x08001820   0x00000120   Code   RO         2898    .text.arm_min_f32   arm_cortexM3l_math.lib(arm_min_f32.o)
    0x08001940   0x00000886   Code   RO         2980    .text.arm_radix8_butterfly_f32  arm_cortexM3l_math.lib(arm_cfft_radix8_f32.o)
    0x080021c6   0x00000004   Code   RO          188    i.BusFault_Handler  stm32f1xx_it.o
    0x080021ca   0x00000002   Code   RO          189    i.DebugMon_Handler  stm32f1xx_it.o
    0x080021cc   0x00000006   Code   RO           13    i.Error_Handler     main.o
    0x080021d2   0x00000056   Code   RO          750    i.HAL_DMA_Abort     stm32f1xx_hal_dma.o
    0x08002228   0x000001a8   Code   RO          751    i.HAL_DMA_Abort_IT  stm32f1xx_hal_dma.o
    0x080023d0   0x00000340   Code   RO          686    i.HAL_GPIO_Init     stm32f1xx_hal_gpio.o
    0x08002710   0x00000010   Code   RO          688    i.HAL_GPIO_ReadPin  stm32f1xx_hal_gpio.o
    0x08002720   0x0000000c   Code   RO          377    i.HAL_GetTick       stm32f1xx_hal.o
    0x0800272c   0x00000018   Code   RO          383    i.HAL_IncTick       stm32f1xx_hal.o
    0x08002744   0x00000028   Code   RO          384    i.HAL_Init          stm32f1xx_hal.o
    0x0800276c   0x0000004c   Code   RO          385    i.HAL_InitTick      stm32f1xx_hal.o
    0x080027b8   0x00000054   Code   RO          276    i.HAL_MspInit       stm32f1xx_hal_msp.o
    0x0800280c   0x00000020   Code   RO          849    i.HAL_NVIC_EnableIRQ  stm32f1xx_hal_cortex.o
    0x0800282c   0x0000007c   Code   RO          855    i.HAL_NVIC_SetPriority  stm32f1xx_hal_cortex.o
    0x080028a8   0x00000028   Code   RO          856    i.HAL_NVIC_SetPriorityGrouping  stm32f1xx_hal_cortex.o
    0x080028d0   0x0000018c   Code   RO          541    i.HAL_RCC_ClockConfig  stm32f1xx_hal_rcc.o
    0x08002a5c   0x0000000c   Code   RO          546    i.HAL_RCC_GetHCLKFreq  stm32f1xx_hal_rcc.o
    0x08002a68   0x00000020   Code   RO          548    i.HAL_RCC_GetPCLK1Freq  stm32f1xx_hal_rcc.o
    0x08002a88   0x00000020   Code   RO          549    i.HAL_RCC_GetPCLK2Freq  stm32f1xx_hal_rcc.o
    0x08002aa8   0x00000094   Code   RO          550    i.HAL_RCC_GetSysClockFreq  stm32f1xx_hal_rcc.o
    0x08002b3c   0x00000464   Code   RO          553    i.HAL_RCC_OscConfig  stm32f1xx_hal_rcc.o
    0x08002fa0   0x00000034   Code   RO          860    i.HAL_SYSTICK_Config  stm32f1xx_hal_cortex.o
    0x08002fd4   0x00000002   Code   RO         2113    i.HAL_TIMEx_BreakCallback  stm32f1xx_hal_tim_ex.o
    0x08002fd6   0x00000002   Code   RO         2114    i.HAL_TIMEx_CommutCallback  stm32f1xx_hal_tim_ex.o
    0x08002fd8   0x000000b4   Code   RO         2132    i.HAL_TIMEx_MasterConfigSynchronization  stm32f1xx_hal_tim_ex.o
    0x0800308c   0x00000066   Code   RO         1398    i.HAL_TIM_Base_Init  stm32f1xx_hal_tim.o
    0x080030f2   0x00000002   PAD
    0x080030f4   0x00000044   Code   RO          278    i.HAL_TIM_Base_MspInit  stm32f1xx_hal_msp.o
    0x08003138   0x000000a8   Code   RO         1403    i.HAL_TIM_Base_Start_IT  stm32f1xx_hal_tim.o
    0x080031e0   0x00000108   Code   RO         1407    i.HAL_TIM_ConfigClockSource  stm32f1xx_hal_tim.o
    0x080032e8   0x00000002   Code   RO         1432    i.HAL_TIM_IC_CaptureCallback  stm32f1xx_hal_tim.o
    0x080032ea   0x00000196   Code   RO         1446    i.HAL_TIM_IRQHandler  stm32f1xx_hal_tim.o
    0x08003480   0x00000058   Code   RO          279    i.HAL_TIM_MspPostInit  stm32f1xx_hal_msp.o
    0x080034d8   0x00000002   Code   RO         1449    i.HAL_TIM_OC_DelayElapsedCallback  stm32f1xx_hal_tim.o
    0x080034da   0x000000fc   Code   RO         1470    i.HAL_TIM_PWM_ConfigChannel  stm32f1xx_hal_tim.o
    0x080035d6   0x00000066   Code   RO         1473    i.HAL_TIM_PWM_Init  stm32f1xx_hal_tim.o
    0x0800363c   0x00000002   Code   RO         1475    i.HAL_TIM_PWM_MspInit  stm32f1xx_hal_tim.o
    0x0800363e   0x00000002   Code   RO         1476    i.HAL_TIM_PWM_PulseFinishedCallback  stm32f1xx_hal_tim.o
    0x08003640   0x0000010c   Code   RO         1478    i.HAL_TIM_PWM_Start  stm32f1xx_hal_tim.o
    0x0800374c   0x000000a8   Code   RO         1481    i.HAL_TIM_PWM_Stop  stm32f1xx_hal_tim.o
    0x080037f4   0x00000002   Code   RO         1484    i.HAL_TIM_PeriodElapsedCallback  stm32f1xx_hal_tim.o
    0x080037f6   0x00000002   Code   RO         1489    i.HAL_TIM_TriggerCallback  stm32f1xx_hal_tim.o
    0x080037f8   0x00000002   Code   RO         2391    i.HAL_UARTEx_RxEventCallback  stm32f1xx_hal_uart.o
    0x080037fa   0x00000002   Code   RO         2405    i.HAL_UART_ErrorCallback  stm32f1xx_hal_uart.o
    0x080037fc   0x0000024c   Code   RO         2408    i.HAL_UART_IRQHandler  stm32f1xx_hal_uart.o
    0x08003a48   0x00000072   Code   RO         2409    i.HAL_UART_Init     stm32f1xx_hal_uart.o
    0x08003aba   0x00000002   PAD
    0x08003abc   0x00000098   Code   RO          281    i.HAL_UART_MspInit  stm32f1xx_hal_msp.o
    0x08003b54   0x00000002   Code   RO         2415    i.HAL_UART_RxCpltCallback  stm32f1xx_hal_uart.o
    0x08003b56   0x000000d2   Code   RO         2417    i.HAL_UART_Transmit  stm32f1xx_hal_uart.o
    0x08003c28   0x00000002   Code   RO         2420    i.HAL_UART_TxCpltCallback  stm32f1xx_hal_uart.o
    0x08003c2a   0x00000004   Code   RO          190    i.HardFault_Handler  stm32f1xx_it.o
    0x08003c2e   0x00000002   PAD
    0x08003c30   0x0000007c   Code   RO           14    i.MX_GPIO_Init      main.o
    0x08003cac   0x000000a4   Code   RO           15    i.MX_TIM3_Init      main.o
    0x08003d50   0x00000038   Code   RO           16    i.MX_USART1_UART_Init  main.o
    0x08003d88   0x00000004   Code   RO          191    i.MemManage_Handler  stm32f1xx_it.o
    0x08003d8c   0x00000004   Code   RO          192    i.NMI_Handler       stm32f1xx_it.o
    0x08003d90   0x00000002   Code   RO          193    i.PendSV_Handler    stm32f1xx_it.o
    0x08003d92   0x00000002   PAD
    0x08003d94   0x00000028   Code   RO          554    i.RCC_Delay         stm32f1xx_hal_rcc.o
    0x08003dbc   0x00000002   Code   RO          194    i.SVC_Handler       stm32f1xx_it.o
    0x08003dbe   0x00000008   Code   RO          195    i.SysTick_Handler   stm32f1xx_it.o
    0x08003dc6   0x00000066   Code   RO           17    i.SystemClock_Config  main.o
    0x08003e2c   0x00000002   Code   RO         2748    i.SystemInit        system_stm32f1xx.o
    0x08003e2e   0x00000002   PAD
    0x08003e30   0x00000018   Code   RO          196    i.TIM3_IRQHandler   stm32f1xx_it.o
    0x08003e48   0x000000d8   Code   RO         1491    i.TIM_Base_SetConfig  stm32f1xx_hal_tim.o
    0x08003f20   0x00000022   Code   RO         1492    i.TIM_CCxChannelCmd  stm32f1xx_hal_tim.o
    0x08003f42   0x00000016   Code   RO         1502    i.TIM_ETR_SetConfig  stm32f1xx_hal_tim.o
    0x08003f58   0x00000012   Code   RO         1503    i.TIM_ITRx_SetConfig  stm32f1xx_hal_tim.o
    0x08003f6a   0x00000002   PAD
    0x08003f6c   0x00000070   Code   RO         1504    i.TIM_OC1_SetConfig  stm32f1xx_hal_tim.o
    0x08003fdc   0x0000007c   Code   RO         1505    i.TIM_OC2_SetConfig  stm32f1xx_hal_tim.o
    0x08004058   0x00000078   Code   RO         1506    i.TIM_OC3_SetConfig  stm32f1xx_hal_tim.o
    0x080040d0   0x00000054   Code   RO         1507    i.TIM_OC4_SetConfig  stm32f1xx_hal_tim.o
    0x08004124   0x00000026   Code   RO         1509    i.TIM_TI1_ConfigInputStage  stm32f1xx_hal_tim.o
    0x0800414a   0x00000028   Code   RO         1511    i.TIM_TI2_ConfigInputStage  stm32f1xx_hal_tim.o
    0x08004172   0x00000014   Code   RO         2422    i.UART_DMAAbortOnError  stm32f1xx_hal_uart.o
    0x08004186   0x00000036   Code   RO         2432    i.UART_EndRxTransfer  stm32f1xx_hal_uart.o
    0x080041bc   0x00000020   Code   RO         2433    i.UART_EndTransmit_IT  stm32f1xx_hal_uart.o
    0x080041dc   0x000000e4   Code   RO         2435    i.UART_Receive_IT   stm32f1xx_hal_uart.o
    0x080042c0   0x000000fc   Code   RO         2436    i.UART_SetConfig    stm32f1xx_hal_uart.o
    0x080043bc   0x00000060   Code   RO         2439    i.UART_Transmit_IT  stm32f1xx_hal_uart.o
    0x0800441c   0x0000006c   Code   RO         2440    i.UART_WaitOnFlagUntilTimeout  stm32f1xx_hal_uart.o
    0x08004488   0x00000010   Code   RO          197    i.USART1_IRQHandler  stm32f1xx_it.o
    0x08004498   0x00000004   Code   RO          198    i.UsageFault_Handler  stm32f1xx_it.o
    0x0800449c   0x00000028   Code   RO         3356    i.__0sprintf        mc_w.l(printfa.o)
    0x080044c4   0x00000028   Code   RO         3424    i.__ARM_fpclassify  m_ws.l(fpclassify.o)
    0x080044ec   0x00000010   Code   RO          862    i.__NVIC_GetPriorityGrouping  stm32f1xx_hal_cortex.o
    0x080044fc   0x00000028   Code   RO          863    i.__NVIC_SetPriority  stm32f1xx_hal_cortex.o
    0x08004524   0x000000aa   Code   RO         3426    i.__kernel_poly     m_ws.l(poly.o)
    0x080045ce   0x00000006   Code   RO         3411    i.__mathlib_dbl_infnan  m_ws.l(dunder.o)
    0x080045d4   0x0000000e   Code   RO         3414    i.__mathlib_dbl_overflow  m_ws.l(dunder.o)
    0x080045e2   0x00000002   PAD
    0x080045e4   0x00000010   Code   RO         3416    i.__mathlib_dbl_underflow  m_ws.l(dunder.o)
    0x080045f4   0x0000000e   Code   RO         3490    i.__scatterload_copy  mc_w.l(handlers.o)
    0x08004602   0x00000002   Code   RO         3491    i.__scatterload_null  mc_w.l(handlers.o)
    0x08004604   0x0000000e   Code   RO         3492    i.__scatterload_zeroinit  mc_w.l(handlers.o)
    0x08004612   0x00000002   PAD
    0x08004614   0x0000000c   Code   RO         3456    i.__set_errno       mc_w.l(errno.o)
    0x08004620   0x00000184   Code   RO         3361    i._fp_digits        mc_w.l(printfa.o)
    0x080047a4   0x000006dc   Code   RO         3362    i._printf_core      mc_w.l(printfa.o)
    0x08004e80   0x00000024   Code   RO         3363    i._printf_post_padding  mc_w.l(printfa.o)
    0x08004ea4   0x0000002e   Code   RO         3364    i._printf_pre_padding  mc_w.l(printfa.o)
    0x08004ed2   0x0000000a   Code   RO         3366    i._sputc            mc_w.l(printfa.o)
    0x08004edc   0x000000ea   Code   RO         2814    i.batchnormalization2D  network.o
    0x08004fc6   0x00000002   PAD
    0x08004fc8   0x000001ac   Code   RO         2815    i.convolution       network.o
    0x08005174   0x000000c8   Code   RO         2781    i.dnn_compute       dnn_compute.o
    0x0800523c   0x00000284   Code   RO         3085    i.exp               m_ws.l(exp.o)
    0x080054c0   0x0000006e   Code   RO         2816    i.innerproduct      network.o
    0x0800552e   0x00000002   PAD
    0x08005530   0x00000ac4   Code   RO           18    i.main              main.o
    0x08005ff4   0x000000ac   Code   RO         2817    i.padding           network.o
    0x080060a0   0x00000040   Code   RO         2818    i.relu              network.o
    0x080060e0   0x000000c2   Code   RO         2819    i.softmax           network.o
    0x080061a2   0x0000004c   Code   RO         3095    i.sqrt              m_ws.l(sqrt.o)
    0x080061ee   0x0000002c   Code   RO         3103    i.sqrtf             m_ws.l(sqrtf.o)
    0x0800621a   0x00000018   Data   RO         2749    .constdata          system_stm32f1xx.o
    0x08006232   0x00000002   PAD
    0x08006234   0x00059504   Data   RO         2783    .constdata          dnn_compute.o
    0x0805f738   0x00000020   Data   RO         2820    .constdata          network.o
    0x0805f758   0x00000058   Data   RO         3086    .constdata          m_ws.l(exp.o)
    0x0805f7b0   0x000001a0   Data   RO         3021    .rodata.armBitRevIndexTable128  arm_cortexM3l_math.lib(arm_common_tables.o)
    0x0805f950   0x00000010   Data   RO         2911    .rodata.arm_cfft_sR_f32_len128  arm_cortexM3l_math.lib(arm_const_structs.o)
    0x0805f960   0x00000400   Data   RO         2994    .rodata.twiddleCoef_128  arm_cortexM3l_math.lib(arm_common_tables.o)
    0x0805fd60   0x00000020   Data   RO         3488    Region$$Table       anon$$obj.o


    Execution Region RW_IRAM1 (Base: 0x20000000, Size: 0x0000bd28, Max: 0x00018000, ABSOLUTE)

    Base Addr    Size         Type   Attr      Idx    E Section Name        Object

    0x20000000   0x0000006c   Data   RW           20    .data               main.o
    0x2000006c   0x00000009   Data   RW          391    .data               stm32f1xx_hal.o
    0x20000075   0x00000003   PAD
    0x20000078   0x00000004   Data   RW         2750    .data               system_stm32f1xx.o
    0x2000007c   0x0000007c   Data   RW         2784    .data               dnn_compute.o
    0x200000f8   0x00000004   Data   RW         3457    .data               mc_w.l(errno.o)
    0x200000fc   0x000078f4   Zero   RW           19    .bss                main.o
    0x200079f0   0x00003f38   Zero   RW         2782    .bss                dnn_compute.o
    0x2000b928   0x00000400   Zero   RW            1    STACK               startup_stm32f103xg.o


==============================================================================

Image component sizes


      Code (inc. data)   RO Data    RW Data    ZI Data      Debug   Object Name

       200         52     365828        124      16184       3350   dnn_compute.o
      3208        288          0        108      30964     517854   main.o
      1202          4         32          0          0       7187   network.o
        36          8        304          0       1024        776   startup_stm32f103xg.o
       152         32          0          9          0       6633   stm32f1xx_hal.o
       304         22          0          0          0      30907   stm32f1xx_hal_cortex.o
       510         10          0          0          0       1807   stm32f1xx_hal_dma.o
       848         40          0          0          0       2619   stm32f1xx_hal_gpio.o
       392         46          0          0          0       2702   stm32f1xx_hal_msp.o
      1784        110          0          0          0       5776   stm32f1xx_hal_rcc.o
      2550        150          0          0          0      16159   stm32f1xx_hal_tim.o
       184         30          0          0          0       2293   stm32f1xx_hal_tim_ex.o
      1710         10          0          0          0       9900   stm32f1xx_hal_uart.o
        74         14          0          0          0       4536   stm32f1xx_it.o
         2          0         24          4          0       1035   system_stm32f1xx.o

    ----------------------------------------------------------------------
     13172        816     366222        248      48172     613534   Object Totals
         0          0         32          0          0          0   (incl. Generated)
        16          0          2          3          0          0   (incl. Padding)

    ----------------------------------------------------------------------

      Code (inc. data)   RO Data    RW Data    ZI Data      Debug   Library Member Name

        64          0          0          0          0       1216   arm_bitreversal2.o
      2590          0          0          0          0       4672   arm_cfft_f32.o
      2182          0          0          0          0       3457   arm_cfft_radix8_f32.o
       232          0          0          0          0       1739   arm_cmplx_mag_f32.o
         0          0       1440          0          0       4961   arm_common_tables.o
         0          0         16          0          0       3830   arm_const_structs.o
       288          0          0          0          0       1362   arm_max_f32.o
       288          0          0          0          0       1362   arm_min_f32.o
        36          6          0          0          0        204   dunder.o
       644         90         88          0          0        204   exp.o
        40          0          0          0          0         68   fpclassify.o
       170          0          0          0          0         96   poly.o
        76          0          0          0          0         84   sqrt.o
        44          0          0          0          0         80   sqrtf.o
         0          0          0          0          0          0   entry.o
         0          0          0          0          0          0   entry10a.o
         0          0          0          0          0          0   entry11a.o
         8          4          0          0          0          0   entry2.o
         4          0          0          0          0          0   entry5.o
         0          0          0          0          0          0   entry7b.o
         0          0          0          0          0          0   entry8b.o
         8          4          0          0          0          0   entry9a.o
        12          6          0          4          0         68   errno.o
        30          0          0          0          0          0   handlers.o
        36          8          0          0          0         68   init.o
         0          0          0          0          0          0   iusefp.o
        30          0          0          0          0         68   llshl.o
        36          0          0          0          0         68   llsshr.o
        32          0          0          0          0         68   llushr.o
        36          0          0          0          0         68   memcpya.o
        36          0          0          0          0        108   memseta.o
      2276         86          0          0          0        520   printfa.o
        44          0          0          0          0         80   uidiv.o
        98          0          0          0          0         92   uldiv.o
        48          0          0          0          0         68   cdcmple.o
        48          0          0          0          0         68   cdrcmple.o
        20          0          0          0          0         68   cfcmple.o
        20          0          0          0          0         68   cfrcmple.o
        56          0          0          0          0         88   d2f.o
       334          0          0          0          0        148   dadd.o
       222          0          0          0          0        100   ddiv.o
       186          0          0          0          0        176   depilogue.o
        62          0          0          0          0         80   dfixi.o
        48          0          0          0          0         68   dfixul.o
        34          0          0          0          0         76   dflti.o
       228          0          0          0          0         96   dmul.o
        46          0          0          0          0         80   dscalb.o
       162          0          0          0          0        100   dsqrt.o
        38          0          0          0          0         68   f2d.o
       176          0          0          0          0        140   fadd.o
        28          0          0          0          0         68   fcmpgt.o
        28          0          0          0          0         68   fcmplt.o
       124          0          0          0          0         88   fdiv.o
       110          0          0          0          0        168   fepilogue.o
        50          0          0          0          0         68   ffixi.o
        18          0          0          0          0         68   fflti.o
        10          0          0          0          0         68   ffltui.o
       100          0          0          0          0         76   fmul.o
        94          0          0          0          0         96   fsqrt.o

    ----------------------------------------------------------------------
     11638        204       1544          4          0      26803   Library Totals
         8          0          0          0          0          0   (incl. Padding)

    ----------------------------------------------------------------------

      Code (inc. data)   RO Data    RW Data    ZI Data      Debug   Library Name

      5644          0       1456          0          0      22599   arm_cortexM3l_math.lib
      1010         96         88          0          0        736   m_ws.l
      2686        108          0          4          0       1208   mc_w.l
      2290          0          0          0          0       2260   mf_w.l

    ----------------------------------------------------------------------
     11638        204       1544          4          0      26803   Library Totals

    ----------------------------------------------------------------------

==============================================================================


      Code (inc. data)   RO Data    RW Data    ZI Data      Debug   

     24810       1020     367766        252      48172     633545   Grand Totals
     24810       1020     367766        252      48172     633545   ELF Image Totals
     24810       1020     367766        252          0          0   ROM Totals

==============================================================================

    Total RO  Size (Code + RO Data)               392576 ( 383.38kB)
    Total RW  Size (RW Data + ZI Data)             48424 (  47.29kB)
    Total ROM Size (Code + RO Data + RW Data)     392828 ( 383.62kB)

==============================================================================

